Component: ARM Compiler 5.06 update 4 (build 422) Tool: armlink [4d35d2]

==============================================================================

Section Cross References

    main.o(i.main) refers to guicore.o(i.GUI_Init) for GUI_Init
    main.o(i.main) refers to stm3210b_eval.o(i.FW_USB_Init) for FW_USB_Init
    system_stm32f10x.o(i.SetSysClock) refers to system_stm32f10x.o(i.SetSysClockTo72) for SetSysClockTo72
    system_stm32f10x.o(i.SystemCoreClockUpdate) refers to system_stm32f10x.o(.data) for SystemCoreClock
    system_stm32f10x.o(i.SystemInit) refers to system_stm32f10x.o(i.SetSysClock) for SetSysClock
    stm3210b_eval.o(i.FW_USB_Init) refers to hw_config.o(i.Set_System) for Set_System
    stm3210b_eval.o(i.FW_USB_Init) refers to hw_config.o(i.USB_Interrupts_Config) for USB_Interrupts_Config
    stm3210b_eval.o(i.FW_USB_Init) refers to hw_config.o(i.Set_USBClock) for Set_USBClock
    stm3210b_eval.o(i.FW_USB_Init) refers to usb_init.o(i.USB_Init) for USB_Init
    usb_endp.o(i.EP1_OUT_Callback) refers to usb_regs.o(i.SetEPRxStatus) for SetEPRxStatus
    usb_istr.o(i.USB_Istr) refers to usb_int.o(i.CTR_LP) for CTR_LP
    usb_istr.o(i.USB_Istr) refers to usb_pwr.o(i.Resume) for Resume
    usb_istr.o(i.USB_Istr) refers to usb_pwr.o(i.Suspend) for Suspend
    usb_istr.o(i.USB_Istr) refers to usb_istr.o(.data) for wIstr
    usb_istr.o(i.USB_Istr) refers to usb_init.o(.data) for wInterrupt_Mask
    usb_istr.o(i.USB_Istr) refers to usb_prop.o(.data) for Device_Property
    usb_istr.o(i.USB_Istr) refers to usb_pwr.o(.data) for fSuspendEnabled
    usb_istr.o(.data) refers to usb_endp.o(i.EP1_IN_Callback) for EP1_IN_Callback
    usb_istr.o(.data) refers to usb_core.o(i.NOP_Process) for NOP_Process
    usb_istr.o(.data) refers to usb_endp.o(i.EP1_OUT_Callback) for EP1_OUT_Callback
    usb_prop.o(i.CustomHID_Data_Setup) refers to usb_init.o(.data) for pInformation
    usb_prop.o(i.CustomHID_Data_Setup) refers to usb_prop.o(i.CustomHID_GetReportDescriptor) for CustomHID_GetReportDescriptor
    usb_prop.o(i.CustomHID_Data_Setup) refers to usb_prop.o(i.CustomHID_GetHIDDescriptor) for CustomHID_GetHIDDescriptor
    usb_prop.o(i.CustomHID_Data_Setup) refers to usb_prop.o(i.CustomHID_GetProtocolValue) for CustomHID_GetProtocolValue
    usb_prop.o(i.CustomHID_Data_Setup) refers to usb_prop.o(i.CustomHID_SetReport_Feature) for CustomHID_SetReport_Feature
    usb_prop.o(i.CustomHID_Data_Setup) refers to usb_prop.o(.data) for Request
    usb_prop.o(i.CustomHID_GetConfigDescriptor) refers to usb_core.o(i.Standard_GetDescriptorData) for Standard_GetDescriptorData
    usb_prop.o(i.CustomHID_GetConfigDescriptor) refers to usb_prop.o(.data) for Config_Descriptor
    usb_prop.o(i.CustomHID_GetDeviceDescriptor) refers to usb_core.o(i.Standard_GetDescriptorData) for Standard_GetDescriptorData
    usb_prop.o(i.CustomHID_GetDeviceDescriptor) refers to usb_prop.o(.data) for Device_Descriptor
    usb_prop.o(i.CustomHID_GetHIDDescriptor) refers to usb_core.o(i.Standard_GetDescriptorData) for Standard_GetDescriptorData
    usb_prop.o(i.CustomHID_GetHIDDescriptor) refers to usb_prop.o(.data) for CustomHID_Hid_Descriptor
    usb_prop.o(i.CustomHID_GetProtocolValue) refers to usb_init.o(.data) for pInformation
    usb_prop.o(i.CustomHID_GetProtocolValue) refers to usb_prop.o(.data) for ProtocolValue
    usb_prop.o(i.CustomHID_GetReportDescriptor) refers to usb_core.o(i.Standard_GetDescriptorData) for Standard_GetDescriptorData
    usb_prop.o(i.CustomHID_GetReportDescriptor) refers to usb_prop.o(.data) for CustomHID_Report_Descriptor
    usb_prop.o(i.CustomHID_GetStringDescriptor) refers to usb_core.o(i.Standard_GetDescriptorData) for Standard_GetDescriptorData
    usb_prop.o(i.CustomHID_GetStringDescriptor) refers to usb_init.o(.data) for pInformation
    usb_prop.o(i.CustomHID_GetStringDescriptor) refers to usb_prop.o(.data) for String_Descriptor
    usb_prop.o(i.CustomHID_NoData_Setup) refers to usb_prop.o(i.CustomHID_SetProtocol) for CustomHID_SetProtocol
    usb_prop.o(i.CustomHID_NoData_Setup) refers to usb_init.o(.data) for pInformation
    usb_prop.o(i.CustomHID_Reset) refers to usb_regs.o(i.SetBTABLE) for SetBTABLE
    usb_prop.o(i.CustomHID_Reset) refers to usb_regs.o(i.SetEPType) for SetEPType
    usb_prop.o(i.CustomHID_Reset) refers to usb_regs.o(i.SetEPTxStatus) for SetEPTxStatus
    usb_prop.o(i.CustomHID_Reset) refers to usb_regs.o(i.SetEPRxAddr) for SetEPRxAddr
    usb_prop.o(i.CustomHID_Reset) refers to usb_regs.o(i.SetEPTxAddr) for SetEPTxAddr
    usb_prop.o(i.CustomHID_Reset) refers to usb_regs.o(i.Clear_Status_Out) for Clear_Status_Out
    usb_prop.o(i.CustomHID_Reset) refers to usb_regs.o(i.SetEPRxCount) for SetEPRxCount
    usb_prop.o(i.CustomHID_Reset) refers to usb_regs.o(i.SetEPRxValid) for SetEPRxValid
    usb_prop.o(i.CustomHID_Reset) refers to usb_regs.o(i.SetEPTxCount) for SetEPTxCount
    usb_prop.o(i.CustomHID_Reset) refers to usb_regs.o(i.SetEPRxStatus) for SetEPRxStatus
[...]
    i.LCD_L0_Color2Index                     0x0800132a   Section        0  lcd_l0_generic.o(i.LCD_L0_Color2Index)
    i.LCD_L0_DrawBitmap                      0x0800133a   Section        0  lcddummy.o(i.LCD_L0_DrawBitmap)
    i.LCD_L0_DrawHLine                       0x080013c4   Section        0  lcddummy.o(i.LCD_L0_DrawHLine)
    i.LCD_L0_DrawVLine                       0x08001404   Section        0  lcddummy.o(i.LCD_L0_DrawVLine)
    i.LCD_L0_FillRect                        0x08001444   Section        0  lcddummy.o(i.LCD_L0_FillRect)
    i.LCD_L0_GetIndexMask                    0x08001462   Section        0  lcd_l0_generic.o(i.LCD_L0_GetIndexMask)
    i.LCD_L0_GetPixelIndex                   0x0800146a   Section        0  lcddummy.o(i.LCD_L0_GetPixelIndex)
    i.LCD_L0_GetRect                         0x08001470   Section        0  lcd_l0_generic.o(i.LCD_L0_GetRect)
    i.LCD_L0_Index2Color                     0x08001484   Section        0  lcd_l0_generic.o(i.LCD_L0_Index2Color)
    i.LCD_L0_Init                            0x08001490   Section        0  lcddummy.o(i.LCD_L0_Init)
    i.LCD_L0_On                              0x080014ec   Section        0  lcddummy.o(i.LCD_L0_On)
    i.LCD_L0_SetLUTEntry                     0x080014ee   Section        0  lcddummy.o(i.LCD_L0_SetLUTEntry)
    i.LCD_L0_SetPixelIndex                   0x080014f4   Section        0  lcddummy.o(i.LCD_L0_SetPixelIndex)
    i.LCD_L0_XorPixel                        0x080014f6   Section        0  lcddummy.o(i.LCD_L0_XorPixel)
    i.LCD_SetBkColor                         0x08001514   Section        0  lcd.o(i.LCD_SetBkColor)
    i.LCD_SetBkColorIndex                    0x08001538   Section        0  lcd.o(i.LCD_SetBkColorIndex)
    i.LCD_SetClipRectEx                      0x0800154c   Section        0  lcd_setcliprectex.o(i.LCD_SetClipRectEx)
    i.LCD_SetClipRectMax                     0x0800156c   Section        0  lcd.o(i.LCD_SetClipRectMax)
    i.LCD_SetColor                           0x08001580   Section        0  lcd.o(i.LCD_SetColor)
    i.LCD_SetColorIndex                      0x080015a4   Section        0  lcd.o(i.LCD_SetColorIndex)
    i.LCD_SetDrawMode                        0x080015b8   Section        0  lcd.o(i.LCD_SetDrawMode)
    i.MemManage_Handler                      0x080015e4   Section        0  stm32f10x_it.o(i.MemManage_Handler)
    i.NMI_Handler                            0x080015e8   Section        0  stm32f10x_it.o(i.NMI_Handler)
    i.NOP_Process                            0x080015ea   Section        0  usb_core.o(i.NOP_Process)
    i.NVIC_Init                              0x080015ec   Section        0  misc.o(i.NVIC_Init)
    i.NVIC_PriorityGroupConfig               0x0800165c   Section        0  misc.o(i.NVIC_PriorityGroupConfig)
    i.PendSV_Handler                         0x08001670   Section        0  stm32f10x_it.o(i.PendSV_Handler)
    i.PowerOn                                0x08001674   Section        0  usb_pwr.o(i.PowerOn)
    i.RCC_APB1PeriphClockCmd                 0x080016b4   Section        0  stm32f10x_rcc.o(i.RCC_APB1PeriphClockCmd)
    i.RCC_USBCLKConfig                       0x080016d4   Section        0  stm32f10x_rcc.o(i.RCC_USBCLKConfig)
    i.SVC_Handler                            0x080016e0   Section        0  stm32f10x_it.o(i.SVC_Handler)
    i.SetBTABLE                              0x080016e4   Section        0  usb_regs.o(i.SetBTABLE)
    i.SetDeviceAddress                       0x080016f4   Section        0  usb_core.o(i.SetDeviceAddress)
    i.SetEPRxAddr                            0x08001744   Section        0  usb_regs.o(i.SetEPRxAddr)
    i.SetEPRxCount                           0x08001768   Section        0  usb_regs.o(i.SetEPRxCount)
    i.SetEPRxStatus                          0x080017b4   Section        0  usb_regs.o(i.SetEPRxStatus)
    i.SetEPRxValid                           0x080017f4   Section        0  usb_regs.o(i.SetEPRxValid)
    i.SetEPTxAddr                            0x08001828   Section        0  usb_regs.o(i.SetEPTxAddr)
    i.SetEPTxCount                           0x08001848   Section        0  usb_regs.o(i.SetEPTxCount)
    i.SetEPTxStatus                          0x08001864   Section        0  usb_regs.o(i.SetEPTxStatus)
    i.SetEPType                              0x080018a4   Section        0  usb_regs.o(i.SetEPType)
    i.SetSysClock                            0x080018c8   Section        0  system_stm32f10x.o(i.SetSysClock)
    SetSysClock                              0x080018c9   Thumb Code     8  system_stm32f10x.o(i.SetSysClock)
    i.SetSysClockTo72                        0x080018d0   Section        0  system_stm32f10x.o(i.SetSysClockTo72)
    SetSysClockTo72                          0x080018d1   Thumb Code   214  system_stm32f10x.o(i.SetSysClockTo72)
    i.Set_System                             0x080019b0   Section        0  hw_config.o(i.Set_System)
    i.Set_USBClock                           0x080019b8   Section        0  hw_config.o(i.Set_USBClock)
    i.Standard_GetDescriptorData             0x080019cc   Section        0  usb_core.o(i.Standard_GetDescriptorData)
    i.SysTick_Handler                        0x080019f0   Section        0  stm32f10x_it.o(i.SysTick_Handler)
    i.SystemInit                             0x080019f4   Section        0  system_stm32f10x.o(i.SystemInit)
    i.USB_Cable_Config                       0x08001a54   Section        0  hw_config.o(i.USB_Cable_Config)
    i.USB_Init                               0x08001a58   Section        0  usb_init.o(i.USB_Init)
    i.USB_Interrupts_Config                  0x08001a94   Section        0  hw_config.o(i.USB_Interrupts_Config)
    i.USB_SIL_Init                           0x08001b0c   Section        0  usb_sil.o(i.USB_SIL_Init)
    i.UsageFault_Handler                     0x08001b30   Section        0  stm32f10x_it.o(i.UsageFault_Handler)
    i.WM_Activate                            0x08001b34   Section        0  wm.o(i.WM_Activate)
    i.WM_BringToBottom                       0x08001b40   Section        0  wm_bringtobottom.o(i.WM_BringToBottom)
    i.WM_CreateWindow                        0x08001b88   Section        0  wm.o(i.WM_CreateWindow)
    i.WM_CreateWindowAsChild                 0x08001bb4   Section        0  wm.o(i.WM_CreateWindowAsChild)
    i.WM_DefaultProc                         0x08001cd8   Section        0  wm.o(i.WM_DefaultProc)
    i.WM_GetDesktopWindow                    0x08001d40   Section        0  wm_getdesktopwindow.o(i.WM_GetDesktopWindow)
    i.WM_GetParent                           0x08001d4c   Section        0  wm_getparent.o(i.WM_GetParent)
    i.WM_Init                                0x08001d60   Section        0  wm.o(i.WM_Init)
    i.WM_InvalidateArea                      0x08001df8   Section        0  wm.o(i.WM_InvalidateArea)
    i.WM_InvalidateRect                      0x08001e20   Section        0  wm.o(i.WM_InvalidateRect)
    i.WM_InvalidateWindow                    0x08001e88   Section        0  wm.o(i.WM_InvalidateWindow)
    i.WM_SelectWindow                        0x08001e98   Section        0  wm.o(i.WM_SelectWindow)
    i.WM_SendMessage                         0x08001ed4   Section        0  wm.o(i.WM_SendMessage)
    i.WM_SendToParent                        0x08001ef4   Section        0  wm_sendtoparent.o(i.WM_SendToParent)
    i.WM__ActivateClipRect                   0x08001f14   Section        0  wm.o(i.WM__ActivateClipRect)
    i.WM__AddCriticalHandle                  0x08001f64   Section        0  wm_criticalhandle.o(i.WM__AddCriticalHandle)
    i.WM__Client2Screen                      0x08001f74   Section        0  wm.o(i.WM__Client2Screen)
    i.WM__ClipAtParentBorders                0x08001f8a   Section        0  wm.o(i.WM__ClipAtParentBorders)
    i.WM__GetClientRectWin                   0x08001fce   Section        0  wm.o(i.WM__GetClientRectWin)
    i.WM__GetFirstSibling                    0x08001fea   Section        0  wm__getfirstsibling.o(i.WM__GetFirstSibling)
    i.WM__GetInvalidRectAbs                  0x08002008   Section        0  wm.o(i.WM__GetInvalidRectAbs)
    WM__GetInvalidRectAbs                    0x08002009   Thumb Code    10  wm.o(i.WM__GetInvalidRectAbs)
    i.WM__GetNextIVR                         0x08002014   Section        0  wm.o(i.WM__GetNextIVR)
    i.WM__GetPrevSibling                     0x08002064   Section        0  wm__getprevsibling.o(i.WM__GetPrevSibling)
    i.WM__InitIVRSearch                      0x0800209c   Section        0  wm.o(i.WM__InitIVRSearch)
    i.WM__InsertWindowIntoList               0x080021a8   Section        0  wm.o(i.WM__InsertWindowIntoList)
    i.WM__InvalidateAreaBelow                0x0800223a   Section        0  wm.o(i.WM__InvalidateAreaBelow)
    i.WM__RectIsNZ                           0x0800224a   Section        0  wm.o(i.WM__RectIsNZ)
    i.WM__SendMsgNoData                      0x08002270   Section        0  wm.o(i.WM__SendMsgNoData)
    i._AddToLinList                          0x08002288   Section        0  wm.o(i._AddToLinList)
    _AddToLinList                            0x08002289   Thumb Code    44  wm.o(i._AddToLinList)
    i._Alloc                                 0x080022b8   Section        0  guialloc.o(i._Alloc)
    _Alloc                                   0x080022b9   Thumb Code   258  guialloc.o(i._Alloc)
    i._CalcSizeOfChar                        0x080023c4   Section        0  gui_uc_encodenone.o(i._CalcSizeOfChar)
    _CalcSizeOfChar                          0x080023c5   Thumb Code     8  gui_uc_encodenone.o(i._CalcSizeOfChar)
    i._CheckInit                             0x080023cc   Section        0  guialloc.o(i._CheckInit)
    _CheckInit                               0x080023cd   Thumb Code    14  guialloc.o(i._CheckInit)
    i._CreateHole                            0x080023e0   Section        0  guialloc.o(i._CreateHole)
    _CreateHole                              0x080023e1   Thumb Code   220  guialloc.o(i._CreateHole)
    i._DesktopHandle2Index                   0x080024c4   Section        0  wm.o(i._DesktopHandle2Index)
    _DesktopHandle2Index                     0x080024c5   Thumb Code    22  wm.o(i._DesktopHandle2Index)
    i._DrawBitLine1BPP                       0x080024e0   Section        0  lcddummy.o(i._DrawBitLine1BPP)
    _DrawBitLine1BPP                         0x080024e1   Thumb Code   206  lcddummy.o(i._DrawBitLine1BPP)
    i._DrawBitLine1BPP                       0x080025b4   Section        0  guidev_8.o(i._DrawBitLine1BPP)
    _DrawBitLine1BPP                         0x080025b5   Thumb Code   316  guidev_8.o(i._DrawBitLine1BPP)
    i._DrawBitLine2BPP                       0x080026f8   Section        0  lcddummy.o(i._DrawBitLine2BPP)
    _DrawBitLine2BPP                         0x080026f9   Thumb Code   334  lcddummy.o(i._DrawBitLine2BPP)
    i._DrawBitLine2BPP                       0x0800284c   Section        0  guidev_8.o(i._DrawBitLine2BPP)
    _DrawBitLine2BPP                         0x0800284d   Thumb Code   248  guidev_8.o(i._DrawBitLine2BPP)
    i._DrawBitLine4BPP                       0x08002948   Section        0  lcddummy.o(i._DrawBitLine4BPP)
    _DrawBitLine4BPP                         0x08002949   Thumb Code   334  lcddummy.o(i._DrawBitLine4BPP)
    i._DrawBitLine4BPP                       0x08002a9c   Section        0  guidev_8.o(i._DrawBitLine4BPP)
    _DrawBitLine4BPP                         0x08002a9d   Thumb Code   384  guidev_8.o(i._DrawBitLine4BPP)
    i._DrawBitLine8BPP                       0x08002c20   Section        0  lcddummy.o(i._DrawBitLine8BPP)
    _DrawBitLine8BPP                         0x08002c21   Thumb Code   144  lcddummy.o(i._DrawBitLine8BPP)
    i._DrawBitLine8BPP                       0x08002cb4   Section        0  guidev_8.o(i._DrawBitLine8BPP)
    _DrawBitLine8BPP                         0x08002cb5   Thumb Code   112  guidev_8.o(i._DrawBitLine8BPP)
    i._DrawBitLine8BPP_DDB                   0x08002d28   Section        0  guidev_8.o(i._DrawBitLine8BPP_DDB)
    _DrawBitLine8BPP_DDB                     0x08002d29   Thumb Code    92  guidev_8.o(i._DrawBitLine8BPP_DDB)
    i._DrawBitmap                            0x08002d88   Section        0  guidev_8.o(i._DrawBitmap)
    _DrawBitmap                              0x08002d89   Thumb Code   298  guidev_8.o(i._DrawBitmap)
    i._DrawHLine                             0x08002ebc   Section        0  guidev_8.o(i._DrawHLine)
    _DrawHLine                               0x08002ebd   Thumb Code    22  guidev_8.o(i._DrawHLine)
    i._DrawVLine                             0x08002ed4   Section        0  guidev_8.o(i._DrawVLine)
    _DrawVLine                               0x08002ed5   Thumb Code   186  guidev_8.o(i._DrawVLine)
    i._Encode                                0x08002f94   Section        0  gui_uc_encodenone.o(i._Encode)
    _Encode                                  0x08002f95   Thumb Code     8  gui_uc_encodenone.o(i._Encode)
    i._FillRect                              0x08002f9c   Section        0  guidev_8.o(i._FillRect)
    _FillRect                                0x08002f9d   Thumb Code   160  guidev_8.o(i._FillRect)
    i._FindFreeHandle                        0x08003040   Section        0  guialloc.o(i._FindFreeHandle)
    _FindFreeHandle                          0x08003041   Thumb Code    32  guialloc.o(i._FindFreeHandle)
    i._FindHole                              0x08003064   Section        0  guialloc.o(i._FindHole)
    _FindHole                                0x08003065   Thumb Code   112  guialloc.o(i._FindHole)
    i._FindNext_IVR                          0x080030d8   Section        0  wm.o(i._FindNext_IVR)
    _FindNext_IVR                            0x080030d9   Thumb Code   372  wm.o(i._FindNext_IVR)
    i._Findx0                                0x08003254   Section        0  wm.o(i._Findx0)
    _Findx0                                  0x08003255   Thumb Code   146  wm.o(i._Findx0)
    i._Findx1                                0x080032e6   Section        0  wm.o(i._Findx1)
    _Findx1                                  0x080032e7   Thumb Code   130  wm.o(i._Findx1)
    i._Findy1                                0x08003368   Section        0  wm.o(i._Findy1)
    _Findy1                                  0x08003369   Thumb Code   178  wm.o(i._Findy1)
    i._GetCharCode                           0x0800341a   Section        0  gui_uc_encodenone.o(i._GetCharCode)
    _GetCharCode                             0x0800341b   Thumb Code     6  gui_uc_encodenone.o(i._GetCharCode)
    i._GetCharSize                           0x08003420   Section        0  gui_uc_encodenone.o(i._GetCharSize)
    _GetCharSize                             0x08003421   Thumb Code     8  gui_uc_encodenone.o(i._GetCharSize)
    i._GetColorIndex                         0x08003428   Section        0  lcd.o(i._GetColorIndex)
    _GetColorIndex                           0x08003429   Thumb Code    20  lcd.o(i._GetColorIndex)
    i._GetPixelIndex                         0x08003440   Section        0  guidev_8.o(i._GetPixelIndex)
    _GetPixelIndex                           0x08003441   Thumb Code    20  guidev_8.o(i._GetPixelIndex)
    i._GethDrawWin                           0x08003454   Section        0  wm.o(i._GethDrawWin)
    _GethDrawWin                             0x08003455   Thumb Code    22  wm.o(i._GethDrawWin)
    i._GotoX                                 0x08003474   Section        0  gui_goto.o(i._GotoX)
    _GotoX                                   0x08003475   Thumb Code    12  gui_goto.o(i._GotoX)
    i._GotoY                                 0x08003484   Section        0  gui_goto.o(i._GotoY)
    _GotoY                                   0x08003485   Thumb Code    12  gui_goto.o(i._GotoY)
    i._InitContext                           0x08003494   Section        0  guicore.o(i._InitContext)
    _InitContext                             0x08003495   Thumb Code    76  guicore.o(i._InitContext)
    i._Invalidate1Abs                        0x080034f4   Section        0  wm.o(i._Invalidate1Abs)
    _Invalidate1Abs                          0x080034f5   Thumb Code   120  wm.o(i._Invalidate1Abs)
    i._SetClipRectUserIntersect              0x08003570   Section        0  wm.o(i._SetClipRectUserIntersect)
    _SetClipRectUserIntersect                0x08003571   Thumb Code    66  wm.o(i._SetClipRectUserIntersect)
    i._SetPixelIndex                         0x080035b8   Section        0  guidev_8.o(i._SetPixelIndex)
    _SetPixelIndex                           0x080035b9   Thumb Code    74  guidev_8.o(i._SetPixelIndex)
    i._Size2LegalSize                        0x08003608   Section        0  guialloc.o(i._Size2LegalSize)
    _Size2LegalSize                          0x08003609   Thumb Code    12  guialloc.o(i._Size2LegalSize)
    i._XY2PTR                                0x08003614   Section        0  guidev_8.o(i._XY2PTR)
    _XY2PTR                                  0x08003615   Thumb Code    50  guidev_8.o(i._XY2PTR)
    i._XorPixel                              0x0800364c   Section        0  guidev_8.o(i._XorPixel)
    _XorPixel                                0x0800364d   Thumb Code    88  guidev_8.o(i._XorPixel)
    i.cbBackWin                              0x080036a8   Section        0  wm.o(i.cbBackWin)
    cbBackWin                                0x080036a9   Thumb Code    76  wm.o(i.cbBackWin)
    i.main                                   0x080036f8   Section        0  main.o(i.main)
    .constdata                               0x08003704   Section      296  usb_desc.o(.constdata)
    .constdata                               0x0800382c   Section       16  gui_uc_encodenone.o(.constdata)
    .constdata                               0x0800383c   Section        8  guicore.o(.constdata)
    _HL_APIList                              0x0800383c   Data           8  guicore.o(.constdata)
    .constdata                               0x08003844   Section       64  lcd_api.o(.constdata)
    .constdata                               0x08003884   Section      256  lcd_mirror.o(.constdata)
    .constdata                               0x08003984   Section     1844  f6x8.o(.constdata)
    .constdata                               0x080040b8   Section       80  guidev_8.o(.constdata)
    aID                                      0x080040b8   Data          16  guidev_8.o(.constdata)
    .data                                    0x20000000   Section       26  usb_desc.o(.data)
    .data                                    0x2000001c   Section      160  usb_prop.o(.data)
    .data                                    0x200000bc   Section       12  usb_pwr.o(.data)
    .data                                    0x200000c8   Section       20  usb_init.o(.data)
    .data                                    0x200000dc   Section       20  gui_onkey.o(.data)
    _KeyMsgCnt                               0x200000dc   Data           4  gui_onkey.o(.data)
    _KeyMsg                                  0x200000e0   Data           8  gui_onkey.o(.data)
    _Key                                     0x200000e8   Data           4  gui_onkey.o(.data)
    .data                                    0x200000f0   Section        1  guialloc.o(.data)
    IsInitialized                            0x200000f0   Data           1  guialloc.o(.data)
    .data                                    0x200000f4   Section       20  guicore.o(.data)
    .data                                    0x20000108   Section        4  lcd_api.o(.data)
    .data                                    0x2000010c   Section       49  wm.o(.data)
    NextDrawWin                              0x2000013a   Data           2  wm.o(.data)
    _IsInited                                0x2000013c   Data           1  wm.o(.data)
    .data                                    0x20000140   Section       16  wmtouch.o(.data)
    .bss                                     0x20000150   Section       28  usb_init.o(.bss)
    .bss                                     0x2000016c   Section      316  guialloc.o(.bss)
    aBlock                                   0x2000025c   Data          54  guialloc.o(.bss)
    .bss                                     0x200002a8   Section       96  guicore.o(.bss)
    .bss                                     0x20000308   Section       36  wm.o(.bss)
    _ClipContext                             0x20000314   Data          24  wm.o(.bss)
    .bss                                     0x2000032c   Section       96  libspace.o(.bss)
    HEAP                                     0x20000390   Section      512  startup_stm32f10x_md.o(HEAP)
    Heap_Mem                                 0x20000390   Data         512  startup_stm32f10x_md.o(HEAP)
    STACK                                    0x20000590   Section     1024  startup_stm32f10x_md.o(STACK)
    Stack_Mem                                0x20000590   Data        1024  startup_stm32f10x_md.o(STACK)
    __initial_sp                             0x20000990   Data           0  startup_stm32f10x_md.o(STACK)

    Global Symbols

    Symbol Name                              Value     Ov Type        Size  Object(Section)

    BuildAttributes$$THM_ISAv4$P$D$K$B$S$PE$A:L22UL41UL21$X:L11$S22US41US21$IEEE1$IW$USESV6$~STKCKD$USESV7$~SHL$OTIME$ROPI$IEEEX$EBA8$UX$STANDARDLIB$REQ8$PRES8$EABIv2 0x00000000   Number         0  anon$$obj.o ABSOLUTE
    __ARM_use_no_argv                        0x00000000   Number         0  main.o ABSOLUTE
    _printf_flags                            0x00000000   Number         0  printf_stubs.o ABSOLUTE
    _printf_return_value                     0x00000000   Number         0  printf_stubs.o ABSOLUTE
    _printf_sizespec                         0x00000000   Number         0  printf_stubs.o ABSOLUTE
    _printf_widthprec                        0x00000000   Number         0  printf_stubs.o ABSOLUTE
    __ARM_exceptions_init                     - Undefined Weak Reference
    __alloca_initialize                       - Undefined Weak Reference
    __arm_preinit_                            - Undefined Weak Reference
    __cpp_initialize__aeabi_                  - Undefined Weak Reference
    __cxa_finalize                            - Undefined Weak Reference
    __sigvec_lookup                           - Undefined Weak Reference
    __user_heap_extent                        - Undefined Weak Reference
    _atexit_init                              - Undefined Weak Reference
    _call_atexit_fns                          - Undefined Weak Reference
    _clock_init                               - Undefined Weak Reference
    _fp_trap_init                             - Undefined Weak Reference
    _fp_trap_shutdown                         - Undefined Weak Reference
    _get_lc_collate                           - Undefined Weak Reference
    _get_lc_monetary                          - Undefined Weak Reference
    _get_lc_numeric                           - Undefined Weak Reference
    _get_lc_time                              - Undefined Weak Reference
    _getenv_init                              - Undefined Weak Reference
    _handle_redirection                       - Undefined Weak Reference
    _initio                                   - Undefined Weak Reference
    _mutex_acquire                            - Undefined Weak Reference
    _mutex_free                               - Undefined Weak Reference
    _mutex_release                            - Undefined Weak Reference
    _printf_mbtowc                            - Undefined Weak Reference
    _printf_wc                                - Undefined Weak Reference
    _rand_init                                - Undefined Weak Reference
    _signal_finish                            - Undefined Weak Reference
    _signal_init                              - Undefined Weak Reference
    _terminateio                              - Undefined Weak Reference
    __Vectors_Size                           0x000000ec   Number         0  startup_stm32f10x_md.o ABSOLUTE
    __Vectors                                0x08000000   Data           4  startup_stm32f10x_md.o(RESET)
    __Vectors_End                            0x080000ec   Data           0  startup_stm32f10x_md.o(RESET)
    __main                                   0x080000ed   Thumb Code     8  __main.o(!!!main)
    __scatterload                            0x080000f5   Thumb Code     0  __scatter.o(!!!scatter)
    __scatterload_rt2                        0x080000f5   Thumb Code    44  __scatter.o(!!!scatter)
    __scatterload_rt2_thumb_only             0x080000f5   Thumb Code     0  __scatter.o(!!!scatter)
    __scatterload_null                       0x08000103   Thumb Code     0  __scatter.o(!!!scatter)
    __decompress                             0x08000129   Thumb Code    90  __dczerorl2.o(!!dczerorl2)
    __decompress1                            0x08000129   Thumb Code     0  __dczerorl2.o(!!dczerorl2)
    __scatterload_zeroinit                   0x08000185   Thumb Code    28  __scatter_zi.o(!!handler_zi)
    __rt_lib_init                            0x080001a1   Thumb Code     0  libinit.o(.ARM.Collect$$libinit$$00000000)
    __rt_lib_init_alloca_1                   0x080001a3   Thumb Code     0  libinit2.o(.ARM.Collect$$libinit$$0000002E)
    __rt_lib_init_argv_1                     0x080001a3   Thumb Code     0  libinit2.o(.ARM.Collect$$libinit$$0000002C)
    __rt_lib_init_atexit_1                   0x080001a3   Thumb Code     0  libinit2.o(.ARM.Collect$$libinit$$0000001B)
    __rt_lib_init_clock_1                    0x080001a3   Thumb Code     0  libinit2.o(.ARM.Collect$$libinit$$00000021)
    __rt_lib_init_cpp_1                      0x080001a3   Thumb Code     0  libinit2.o(.ARM.Collect$$libinit$$00000032)
    __rt_lib_init_exceptions_1               0x080001a3   Thumb Code     0  libinit2.o(.ARM.Collect$$libinit$$00000030)
    __rt_lib_init_fp_1                       0x080001a3   Thumb Code     0  libinit2.o(.ARM.Collect$$libinit$$00000002)
    __rt_lib_init_fp_trap_1                  0x080001a3   Thumb Code     0  libinit2.o(.ARM.Collect$$libinit$$0000001F)
    __rt_lib_init_getenv_1                   0x080001a3   Thumb Code     0  libinit2.o(.ARM.Collect$$libinit$$00000023)
    __rt_lib_init_heap_1                     0x080001a3   Thumb Code     0  libinit2.o(.ARM.Collect$$libinit$$0000000A)
    __rt_lib_init_lc_collate_1               0x080001a3   Thumb Code     0  libinit2.o(.ARM.Collect$$libinit$$00000011)
    __rt_lib_init_lc_ctype_1                 0x080001a3   Thumb Code     0  libinit2.o(.ARM.Collect$$libinit$$00000013)
    __rt_lib_init_lc_monetary_1              0x080001a3   Thumb Code     0  libinit2.o(.ARM.Collect$$libinit$$00000015)
    __rt_lib_init_lc_numeric_1               0x080001a3   Thumb Code     0  libinit2.o(.ARM.Collect$$libinit$$00000017)
    __rt_lib_init_lc_time_1                  0x080001a3   Thumb Code     0  libinit2.o(.ARM.Collect$$libinit$$00000019)
    __rt_lib_init_preinit_1                  0x080001a3   Thumb Code     0  libinit2.o(.ARM.Collect$$libinit$$00000004)
    __rt_lib_init_rand_1                     0x080001a3   Thumb Code     0  libinit2.o(.ARM.Collect$$libinit$$0000000E)
    __rt_lib_init_return                     0x080001a3   Thumb Code     0  libinit2.o(.ARM.Collect$$libinit$$00000033)
    __rt_lib_init_signal_1                   0x080001a3   Thumb Code     0  libinit2.o(.ARM.Collect$$libinit$$0000001D)
    __rt_lib_init_stdio_1                    0x080001a3   Thumb Code     0  libinit2.o(.ARM.Collect$$libinit$$00000025)
    __rt_lib_init_user_alloc_1               0x080001a3   Thumb Code     0  libinit2.o(.ARM.Collect$$libinit$$0000000C)
    __rt_lib_shutdown                        0x080001a5   Thumb Code     0  libshutdown.o(.ARM.Collect$$libshutdown$$00000000)
    __rt_lib_shutdown_cpp_1                  0x080001a7   Thumb Code     0  libshutdown2.o(.ARM.Collect$$libshutdown$$00000002)
    __rt_lib_shutdown_fp_trap_1              0x080001a7   Thumb Code     0  libshutdown2.o(.ARM.Collect$$libshutdown$$00000007)
    __rt_lib_shutdown_heap_1                 0x080001a7   Thumb Code     0  libshutdown2.o(.ARM.Collect$$libshutdown$$0000000F)
    __rt_lib_shutdown_return                 0x080001a7   Thumb Code     0  libshutdown2.o(.ARM.Collect$$libshutdown$$00000010)
    __rt_lib_shutdown_signal_1               0x080001a7   Thumb Code     0  libshutdown2.o(.ARM.Collect$$libshutdown$$0000000A)
    __rt_lib_shutdown_stdio_1                0x080001a7   Thumb Code     0  libshutdown2.o(.ARM.Collect$$libshutdown$$00000004)
    __rt_lib_shutdown_user_alloc_1           0x080001a7   Thumb Code     0  libshutdown2.o(.ARM.Collect$$libshutdown$$0000000C)
    __rt_entry                               0x080001a9   Thumb Code     0  __rtentry.o(.ARM.Collect$$rtentry$$00000000)
    __rt_entry_presh_1                       0x080001a9   Thumb Code     0  __rtentry2.o(.ARM.Collect$$rtentry$$00000002)
    __rt_entry_sh                            0x080001a9   Thumb Code     0  __rtentry4.o(.ARM.Collect$$rtentry$$00000004)
    __rt_entry_li                            0x080001af   Thumb Code     0  __rtentry2.o(.ARM.Collect$$rtentry$$0000000A)
    __rt_entry_postsh_1                      0x080001af   Thumb Code     0  __rtentry2.o(.ARM.Collect$$rtentry$$00000009)
    __rt_entry_main                          0x080001b3   Thumb Code     0  __rtentry2.o(.ARM.Collect$$rtentry$$0000000D)
    __rt_entry_postli_1                      0x080001b3   Thumb Code     0  __rtentry2.o(.ARM.Collect$$rtentry$$0000000C)
    __rt_exit                                0x080001bb   Thumb Code     0  rtexit.o(.ARM.Collect$$rtexit$$00000000)
    __rt_exit_ls                             0x080001bd   Thumb Code     0  rtexit2.o(.ARM.Collect$$rtexit$$00000003)
    __rt_exit_prels_1                        0x080001bd   Thumb Code     0  rtexit2.o(.ARM.Collect$$rtexit$$00000002)
    __rt_exit_exit                           0x080001c1   Thumb Code     0  rtexit2.o(.ARM.Collect$$rtexit$$00000004)
    Reset_Handler                            0x080001c9   Thumb Code     8  startup_stm32f10x_md.o(.text)
    ADC1_2_IRQHandler                        0x080001e3   Thumb Code     0  startup_stm32f10x_md.o(.text)
    CAN1_RX1_IRQHandler                      0x080001e3   Thumb Code     0  startup_stm32f10x_md.o(.text)
    CAN1_SCE_IRQHandler                      0x080001e3   Thumb Code     0  startup_stm32f10x_md.o(.text)
    DMA1_Channel1_IRQHandler                 0x080001e3   Thumb Code     0  startup_stm32f10x_md.o(.text)
    DMA1_Channel2_IRQHandler                 0x080001e3   Thumb Code     0  startup_stm32f10x_md.o(.text)
    DMA1_Channel3_IRQHandler                 0x080001e3   Thumb Code     0  startup_stm32f10x_md.o(.text)
    DMA1_Channel4_IRQHandler                 0x080001e3   Thumb Code     0  startup_stm32f10x_md.o(.text)
    DMA1_Channel5_IRQHandler                 0x080001e3   Thumb Code     0  startup_stm32f10x_md.o(.text)
    DMA1_Channel6_IRQHandler                 0x080001e3   Thumb Code     0  startup_stm32f10x_md.o(.text)
    DMA1_Channel7_IRQHandler                 0x080001e3   Thumb Code     0  startup_stm32f10x_md.o(.text)
    EXTI0_IRQHandler                         0x080001e3   Thumb Code     0  startup_stm32f10x_md.o(.text)
    EXTI15_10_IRQHandler                     0x080001e3   Thumb Code     0  startup_stm32f10x_md.o(.text)
    EXTI1_IRQHandler                         0x080001e3   Thumb Code     0  startup_stm32f10x_md.o(.text)
    EXTI2_IRQHandler                         0x080001e3   Thumb Code     0  startup_stm32f10x_md.o(.text)
    EXTI3_IRQHandler                         0x080001e3   Thumb Code     0  startup_stm32f10x_md.o(.text)
    EXTI4_IRQHandler                         0x080001e3   Thumb Code     0  startup_stm32f10x_md.o(.text)
    EXTI9_5_IRQHandler                       0x080001e3   Thumb Code     0  startup_stm32f10x_md.o(.text)
    FLASH_IRQHandler                         0x080001e3   Thumb Code     0  startup_stm32f10x_md.o(.text)
    I2C1_ER_IRQHandler                       0x080001e3   Thumb Code     0  startup_stm32f10x_md.o(.text)
    I2C1_EV_IRQHandler                       0x080001e3   Thumb Code     0  startup_stm32f10x_md.o(.text)
    I2C2_ER_IRQHandler                       0x080001e3   Thumb Code     0  startup_stm32f10x_md.o(.text)
    I2C2_EV_IRQHandler                       0x080001e3   Thumb Code     0  startup_stm32f10x_md.o(.text)
    PVD_IRQHandler                           0x080001e3   Thumb Code     0  startup_stm32f10x_md.o(.text)
    RCC_IRQHandler                           0x080001e3   Thumb Code     0  startup_stm32f10x_md.o(.text)
    RTCAlarm_IRQHandler                      0x080001e3   Thumb Code     0  startup_stm32f10x_md.o(.text)
    RTC_IRQHandler                           0x080001e3   Thumb Code     0  startup_stm32f10x_md.o(.text)
    SPI1_IRQHandler                          0x080001e3   Thumb Code     0  startup_stm32f10x_md.o(.text)
    SPI2_IRQHandler                          0x080001e3   Thumb Code     0  startup_stm32f10x_md.o(.text)
    TAMPER_IRQHandler                        0x080001e3   Thumb Code     0  startup_stm32f10x_md.o(.text)
    TIM1_BRK_IRQHandler                      0x080001e3   Thumb Code     0  startup_stm32f10x_md.o(.text)
    TIM1_CC_IRQHandler                       0x080001e3   Thumb Code     0  startup_stm32f10x_md.o(.text)
    TIM1_TRG_COM_IRQHandler                  0x080001e3   Thumb Code     0  startup_stm32f10x_md.o(.text)
    TIM1_UP_IRQHandler                       0x080001e3   Thumb Code     0  startup_stm32f10x_md.o(.text)
    TIM2_IRQHandler                          0x080001e3   Thumb Code     0  startup_stm32f10x_md.o(.text)
    TIM3_IRQHandler                          0x080001e3   Thumb Code     0  startup_stm32f10x_md.o(.text)
    TIM4_IRQHandler                          0x080001e3   Thumb Code     0  startup_stm32f10x_md.o(.text)
    USART1_IRQHandler                        0x080001e3   Thumb Code     0  startup_stm32f10x_md.o(.text)
    USART2_IRQHandler                        0x080001e3   Thumb Code     0  startup_stm32f10x_md.o(.text)
    USART3_IRQHandler                        0x080001e3   Thumb Code     0  startup_stm32f10x_md.o(.text)
    USBWakeUp_IRQHandler                     0x080001e3   Thumb Code     0  startup_stm32f10x_md.o(.text)
    USB_HP_CAN1_TX_IRQHandler                0x080001e3   Thumb Code     0  startup_stm32f10x_md.o(.text)
    USB_LP_CAN1_RX0_IRQHandler               0x080001e3   Thumb Code     0  startup_stm32f10x_md.o(.text)
    WWDG_IRQHandler                          0x080001e3   Thumb Code     0  startup_stm32f10x_md.o(.text)
    __user_initial_stackheap                 0x080001e5   Thumb Code     0  startup_stm32f10x_md.o(.text)
    exit                                     0x08000209   Thumb Code    18  exit.o(.text)
    __aeabi_memcpy                           0x0800021b   Thumb Code     0  rt_memcpy_v6.o(.text)
    __rt_memcpy                              0x0800021b   Thumb Code   138  rt_memcpy_v6.o(.text)
    _memcpy_lastbytes                        0x08000281   Thumb Code     0  rt_memcpy_v6.o(.text)
    __aeabi_memmove                          0x080002a5   Thumb Code     0  rt_memmove_v6.o(.text)
    __rt_memmove                             0x080002a5   Thumb Code   132  rt_memmove_v6.o(.text)
    __memmove_lastfew                        0x08000305   Thumb Code     0  rt_memmove_v6.o(.text)
    __aeabi_memcpy4                          0x08000329   Thumb Code     0  rt_memcpy_w.o(.text)
    __aeabi_memcpy8                          0x08000329   Thumb Code     0  rt_memcpy_w.o(.text)
    __rt_memcpy_w                            0x08000329   Thumb Code   100  rt_memcpy_w.o(.text)
    _memcpy_lastbytes_aligned                0x08000371   Thumb Code     0  rt_memcpy_w.o(.text)
    __use_two_region_memory                  0x0800038d   Thumb Code     2  heapauxi.o(.text)
    __rt_heap_escrow                         0x0800038f   Thumb Code     2  heapauxi.o(.text)
    __rt_heap_expand                         0x08000391   Thumb Code     2  heapauxi.o(.text)
    __aeabi_memmove4                         0x08000393   Thumb Code     0  rt_memmove_w.o(.text)
    __aeabi_memmove8                         0x08000393   Thumb Code     0  rt_memmove_w.o(.text)
    __rt_memmove_w                           0x08000393   Thumb Code   122  rt_memmove_w.o(.text)
    __memmove_aligned                        0x080003b9   Thumb Code     0  rt_memmove_w.o(.text)
    __memmove_lastfew_aligned                0x080003f1   Thumb Code     0  rt_memmove_w.o(.text)
    __user_libspace                          0x0800040d   Thumb Code     8  libspace.o(.text)
    __user_perproc_libspace                  0x0800040d   Thumb Code     0  libspace.o(.text)
    __user_perthread_libspace                0x0800040d   Thumb Code     0  libspace.o(.text)
    _sys_exit                                0x08000415   Thumb Code     8  sys_exit.o(.text)
    __I$use$semihosting                      0x08000421   Thumb Code     0  use_no_semi.o(.text)
    __use_no_semihosting_swi                 0x08000421   Thumb Code     2  use_no_semi.o(.text)
    __semihosting_library_function           0x08000423   Thumb Code     0  indicate_semi.o(.text)
    __user_setup_stackheap                   0x08000423   Thumb Code    74  sys_stackheap_outer.o(.text)
    ADC_SoftwareStartConvCmd                 0x0800046d   Thumb Code    22  stm32f10x_adc.o(i.ADC_SoftwareStartConvCmd)
    BusFault_Handler                         0x08000483   Thumb Code     4  stm32f10x_it.o(i.BusFault_Handler)
    Clear_Status_Out                         0x08000489   Thumb Code    34  usb_regs.o(i.Clear_Status_Out)
    CustomHID_Data_Setup                     0x080004b1   Thumb Code   134  usb_prop.o(i.CustomHID_Data_Setup)
    CustomHID_GetConfigDescriptor            0x08000551   Thumb Code    14  usb_prop.o(i.CustomHID_GetConfigDescriptor)
    CustomHID_GetDeviceDescriptor            0x08000565   Thumb Code    14  usb_prop.o(i.CustomHID_GetDeviceDescriptor)
    CustomHID_GetHIDDescriptor               0x08000579   Thumb Code    14  usb_prop.o(i.CustomHID_GetHIDDescriptor)
    CustomHID_GetProtocolValue               0x0800058d   Thumb Code    20  usb_prop.o(i.CustomHID_GetProtocolValue)
    CustomHID_GetReportDescriptor            0x080005a9   Thumb Code    14  usb_prop.o(i.CustomHID_GetReportDescriptor)
    CustomHID_GetStringDescriptor            0x080005bd   Thumb Code    32  usb_prop.o(i.CustomHID_GetStringDescriptor)
    CustomHID_Get_Interface_Setting          0x080005e5   Thumb Code    22  usb_prop.o(i.CustomHID_Get_Interface_Setting)
    CustomHID_NoData_Setup                   0x080005fd   Thumb Code    32  usb_prop.o(i.CustomHID_NoData_Setup)
    CustomHID_Reset                          0x08000621   Thumb Code   168  usb_prop.o(i.CustomHID_Reset)
    CustomHID_SetConfiguration               0x080006d9   Thumb Code    26  usb_prop.o(i.CustomHID_SetConfiguration)
    CustomHID_SetDeviceAddress               0x08000701   Thumb Code     8  usb_prop.o(i.CustomHID_SetDeviceAddress)
    CustomHID_SetProtocol                    0x0800070d   Thumb Code    14  usb_prop.o(i.CustomHID_SetProtocol)
    CustomHID_SetReport_Feature              0x08000725   Thumb Code    20  usb_prop.o(i.CustomHID_SetReport_Feature)
    CustomHID_Status_In                      0x08000741   Thumb Code     2  usb_prop.o(i.CustomHID_Status_In)
    CustomHID_Status_Out                     0x08000743   Thumb Code     2  usb_prop.o(i.CustomHID_Status_Out)
    CustomHID_init                           0x08000745   Thumb Code    30  usb_prop.o(i.CustomHID_init)
    DebugMon_Handler                         0x0800076d   Thumb Code     2  stm32f10x_it.o(i.DebugMon_Handler)
    EXTI_ClearITPendingBit                   0x08000771   Thumb Code     6  stm32f10x_exti.o(i.EXTI_ClearITPendingBit)
    EXTI_Configuration                       0x0800077d   Thumb Code    36  hw_config.o(i.EXTI_Configuration)
    EXTI_Init                                0x080007a1   Thumb Code   142  stm32f10x_exti.o(i.EXTI_Init)
    FW_USB_Init                              0x08000835   Thumb Code    20  stm3210b_eval.o(i.FW_USB_Init)
    GUIMONO_DispChar                         0x08000849   Thumb Code   390  guicharm.o(i.GUIMONO_DispChar)
    GUIMONO_GetCharDistX                     0x080009d5   Thumb Code    22  guicharm.o(i.GUIMONO_GetCharDistX)
    GUIMONO_GetFontInfo                      0x080009f1   Thumb Code     8  guicharm.o(i.GUIMONO_GetFontInfo)
    GUIMONO_IsInFont                         0x080009f9   Thumb Code    48  guicharm.o(i.GUIMONO_IsInFont)
    GUI_ALLOC_AllocNoInit                    0x08000a29   Thumb Code    22  guialloc.o(i.GUI_ALLOC_AllocNoInit)
    GUI_ALLOC_AllocZero                      0x08000a3f   Thumb Code    34  gui_alloc_alloczero.o(i.GUI_ALLOC_AllocZero)
    GUI_ALLOC_Init                           0x08000a61   Thumb Code    40  guialloc.o(i.GUI_ALLOC_Init)
    GUI_ALLOC_h2p                            0x08000a95   Thumb Code    24  guialloc.o(i.GUI_ALLOC_h2p)
    GUI_Clear                                0x08000ab5   Thumb Code    26  guicore.o(i.GUI_Clear)
    GUI_ClearRect                            0x08000ad1   Thumb Code   108  guicore.o(i.GUI_ClearRect)
    GUI_GotoXY                               0x08000b41   Thumb Code    26  gui_goto.o(i.GUI_GotoXY)
    GUI_Init                                 0x08000b5d   Thumb Code    32  guicore.o(i.GUI_Init)
    GUI_MEMDEV__Color2Index                  0x08000b85   Thumb Code    24  guidev.o(i.GUI_MEMDEV__Color2Index)
    GUI_MEMDEV__GetIndexMask                 0x08000ba1   Thumb Code    20  guidev.o(i.GUI_MEMDEV__GetIndexMask)
    GUI_MEMDEV__GetRect                      0x08000bb9   Thumb Code    50  guidev.o(i.GUI_MEMDEV__GetRect)
    GUI_MEMDEV__Index2Color                  0x08000bf1   Thumb Code    24  guidev.o(i.GUI_MEMDEV__Index2Color)
    GUI_MergeRect                            0x08000c0d   Thumb Code   130  gui_mergerect.o(i.GUI_MergeRect)
    GUI_MoveRect                             0x08000c8f   Thumb Code    36  gui_moverect.o(i.GUI_MoveRect)
    GUI_RectsIntersect                       0x08000cb3   Thumb Code    58  gui_rectsintersect.o(i.GUI_RectsIntersect)
    GUI_SetBkColor                           0x08000ced   Thumb Code    12  gui_setcolor.o(i.GUI_SetBkColor)
    GUI_StoreKey                             0x08000cf9   Thumb Code    12  gui_onkey.o(i.GUI_StoreKey)
    GUI_USAGE_AddRect                        0x08000d09   Thumb Code    50  guidev_usage.o(i.GUI_USAGE_AddRect)
    GUI_X_Init                               0x08000d3b   Thumb Code     2  ucgui_hook.o(i.GUI_X_Init)
    GUI__IntersectRect                       0x08000d3d   Thumb Code    66  gui__intersectrect.o(i.GUI__IntersectRect)
    GUI__IntersectRects                      0x08000d7f   Thumb Code   136  gui__intersectrects.o(i.GUI__IntersectRects)
    GUI__memset                              0x08000e07   Thumb Code    86  gui__memset.o(i.GUI__memset)
    Get_SerialNum                            0x08000e5d   Thumb Code    38  hw_config.o(i.Get_SerialNum)
    HardFault_Handler                        0x08000e8d   Thumb Code     4  stm32f10x_it.o(i.HardFault_Handler)
    LCD_Color2Index                          0x08000ed1   Thumb Code    16  lcd.o(i.LCD_Color2Index)
    LCD_Color2Index_233                      0x08000ee5   Thumb Code    54  lcdp233.o(i.LCD_Color2Index_233)
    LCD_DrawBitmap                           0x08000f1d   Thumb Code   562  lcd.o(i.LCD_DrawBitmap)
    LCD_DrawHLine                            0x08001159   Thumb Code    88  lcd.o(i.LCD_DrawHLine)
    LCD_DrawPixel                            0x080011b5   Thumb Code    96  lcd.o(i.LCD_DrawPixel)
    LCD_FillRect                             0x08001219   Thumb Code   112  lcd.o(i.LCD_FillRect)
    LCD_GetIndexMask_233                     0x0800128d   Thumb Code     4  lcdp233.o(i.LCD_GetIndexMask_233)
    LCD_Index2Color                          0x08001291   Thumb Code    16  lcd.o(i.LCD_Index2Color)
    LCD_Index2Color_233                      0x080012a5   Thumb Code    52  lcdp233.o(i.LCD_Index2Color_233)
    LCD_Init                                 0x080012d9   Thumb Code    52  lcd.o(i.LCD_Init)
    LCD_InitLUT                              0x0800130d   Thumb Code    30  lcdcolor.o(i.LCD_InitLUT)
    LCD_L0_Color2Index                       0x0800132b   Thumb Code    16  lcd_l0_generic.o(i.LCD_L0_Color2Index)
    LCD_L0_DrawBitmap                        0x0800133b   Thumb Code   138  lcddummy.o(i.LCD_L0_DrawBitmap)
    LCD_L0_DrawHLine                         0x080013c5   Thumb Code    58  lcddummy.o(i.LCD_L0_DrawHLine)
    LCD_L0_DrawVLine                         0x08001405   Thumb Code    58  lcddummy.o(i.LCD_L0_DrawVLine)
    LCD_L0_FillRect                          0x08001445   Thumb Code    30  lcddummy.o(i.LCD_L0_FillRect)
    LCD_L0_GetIndexMask                      0x08001463   Thumb Code     8  lcd_l0_generic.o(i.LCD_L0_GetIndexMask)
    LCD_L0_GetPixelIndex                     0x0800146b   Thumb Code     6  lcddummy.o(i.LCD_L0_GetPixelIndex)
    LCD_L0_GetRect                           0x08001471   Thumb Code    20  lcd_l0_generic.o(i.LCD_L0_GetRect)
    LCD_L0_Index2Color                       0x08001485   Thumb Code    12  lcd_l0_generic.o(i.LCD_L0_Index2Color)
    LCD_L0_Init                              0x08001491   Thumb Code    88  lcddummy.o(i.LCD_L0_Init)
    LCD_L0_On                                0x080014ed   Thumb Code     2  lcddummy.o(i.LCD_L0_On)
    LCD_L0_SetLUTEntry                       0x080014ef   Thumb Code     6  lcddummy.o(i.LCD_L0_SetLUTEntry)
    LCD_L0_SetPixelIndex                     0x080014f5   Thumb Code     2  lcddummy.o(i.LCD_L0_SetPixelIndex)
    LCD_L0_XorPixel                          0x080014f7   Thumb Code    30  lcddummy.o(i.LCD_L0_XorPixel)
    LCD_SetBkColor                           0x08001515   Thumb Code    30  lcd.o(i.LCD_SetBkColor)
    LCD_SetBkColorIndex                      0x08001539   Thumb Code    16  lcd.o(i.LCD_SetBkColorIndex)
    LCD_SetClipRectEx                        0x0800154d   Thumb Code    28  lcd_setcliprectex.o(i.LCD_SetClipRectEx)
    LCD_SetClipRectMax                       0x0800156d   Thumb Code    16  lcd.o(i.LCD_SetClipRectMax)
    LCD_SetColor                             0x08001581   Thumb Code    30  lcd.o(i.LCD_SetColor)
    LCD_SetColorIndex                        0x080015a5   Thumb Code    16  lcd.o(i.LCD_SetColorIndex)
    LCD_SetDrawMode                          0x080015b9   Thumb Code    40  lcd.o(i.LCD_SetDrawMode)
    MemManage_Handler                        0x080015e5   Thumb Code     4  stm32f10x_it.o(i.MemManage_Handler)
    NMI_Handler                              0x080015e9   Thumb Code     2  stm32f10x_it.o(i.NMI_Handler)
    NOP_Process                              0x080015eb   Thumb Code     2  usb_core.o(i.NOP_Process)
    NVIC_Init                                0x080015ed   Thumb Code   100  misc.o(i.NVIC_Init)
    NVIC_PriorityGroupConfig                 0x0800165d   Thumb Code    10  misc.o(i.NVIC_PriorityGroupConfig)
    PendSV_Handler                           0x08001671   Thumb Code     2  stm32f10x_it.o(i.PendSV_Handler)
    PowerOn                                  0x08001675   Thumb Code    54  usb_pwr.o(i.PowerOn)
    RCC_APB1PeriphClockCmd                   0x080016b5   Thumb Code    26  stm32f10x_rcc.o(i.RCC_APB1PeriphClockCmd)
    RCC_USBCLKConfig                         0x080016d5   Thumb Code     6  stm32f10x_rcc.o(i.RCC_USBCLKConfig)
    SVC_Handler                              0x080016e1   Thumb Code     2  stm32f10x_it.o(i.SVC_Handler)
    SetBTABLE                                0x080016e5   Thumb Code    12  usb_regs.o(i.SetBTABLE)
    SetDeviceAddress                         0x080016f5   Thumb Code    68  usb_core.o(i.SetDeviceAddress)
    SetEPRxAddr                              0x08001745   Thumb Code    26  usb_regs.o(i.SetEPRxAddr)
    SetEPRxCount                             0x08001769   Thumb Code    68  usb_regs.o(i.SetEPRxCount)
    SetEPRxStatus                            0x080017b5   Thumb Code    60  usb_regs.o(i.SetEPRxStatus)
    SetEPRxValid                             0x080017f5   Thumb Code    48  usb_regs.o(i.SetEPRxValid)
    SetEPTxAddr                              0x08001829   Thumb Code    24  usb_regs.o(i.SetEPTxAddr)
    SetEPTxCount                             0x08001849   Thumb Code    20  usb_regs.o(i.SetEPTxCount)
    SetEPTxStatus                            0x08001865   Thumb Code    60  usb_regs.o(i.SetEPTxStatus)
    SetEPType                                0x080018a5   Thumb Code    32  usb_regs.o(i.SetEPType)
    Set_System                               0x080019b1   Thumb Code     8  hw_config.o(i.Set_System)
    Set_USBClock                             0x080019b9   Thumb Code    18  hw_config.o(i.Set_USBClock)
    Standard_GetDescriptorData               0x080019cd   Thumb Code    32  usb_core.o(i.Standard_GetDescriptorData)
    SysTick_Handler                          0x080019f1   Thumb Code     2  stm32f10x_it.o(i.SysTick_Handler)
    SystemInit                               0x080019f5   Thumb Code    78  system_stm32f10x.o(i.SystemInit)
    USB_Cable_Config                         0x08001a55   Thumb Code     2  hw_config.o(i.USB_Cable_Config)
    USB_Init                                 0x08001a59   Thumb Code    36  usb_init.o(i.USB_Init)
    USB_Interrupts_Config                    0x08001a95   Thumb Code   120  hw_config.o(i.USB_Interrupts_Config)
    USB_SIL_Init                             0x08001b0d   Thumb Code    28  usb_sil.o(i.USB_SIL_Init)
    UsageFault_Handler                       0x08001b31   Thumb Code     4  stm32f10x_it.o(i.UsageFault_Handler)
    WM_Activate                              0x08001b35   Thumb Code     8  wm.o(i.WM_Activate)
    WM_BringToBottom                         0x08001b41   Thumb Code    72  wm_bringtobottom.o(i.WM_BringToBottom)
    WM_CreateWindow                          0x08001b89   Thumb Code    44  wm.o(i.WM_CreateWindow)
    WM_CreateWindowAsChild                   0x08001bb5   Thumb Code   276  wm.o(i.WM_CreateWindowAsChild)
    WM_DefaultProc                           0x08001cd9   Thumb Code   102  wm.o(i.WM_DefaultProc)
    WM_GetDesktopWindow                      0x08001d41   Thumb Code     8  wm_getdesktopwindow.o(i.WM_GetDesktopWindow)
    WM_GetParent                             0x08001d4d   Thumb Code    20  wm_getparent.o(i.WM_GetParent)
    WM_Init                                  0x08001d61   Thumb Code   108  wm.o(i.WM_Init)
    WM_InvalidateArea                        0x08001df9   Thumb Code    36  wm.o(i.WM_InvalidateArea)
    WM_InvalidateRect                        0x08001e21   Thumb Code   104  wm.o(i.WM_InvalidateRect)
    WM_InvalidateWindow                      0x08001e89   Thumb Code    14  wm.o(i.WM_InvalidateWindow)
    WM_SelectWindow                          0x08001e99   Thumb Code    52  wm.o(i.WM_SelectWindow)
    WM_SendMessage                           0x08001ed5   Thumb Code    32  wm.o(i.WM_SendMessage)
    WM_SendToParent                          0x08001ef5   Thumb Code    32  wm_sendtoparent.o(i.WM_SendToParent)
    WM__ActivateClipRect                     0x08001f15   Thumb Code    64  wm.o(i.WM__ActivateClipRect)
    WM__AddCriticalHandle                    0x08001f65   Thumb Code    12  wm_criticalhandle.o(i.WM__AddCriticalHandle)
    WM__Client2Screen                        0x08001f75   Thumb Code    22  wm.o(i.WM__Client2Screen)
    WM__ClipAtParentBorders                  0x08001f8b   Thumb Code    68  wm.o(i.WM__ClipAtParentBorders)
    WM__GetClientRectWin                     0x08001fcf   Thumb Code    28  wm.o(i.WM__GetClientRectWin)
    WM__GetFirstSibling                      0x08001feb   Thumb Code    30  wm__getfirstsibling.o(i.WM__GetFirstSibling)
    WM__GetNextIVR                           0x08002015   Thumb Code    72  wm.o(i.WM__GetNextIVR)
    WM__GetPrevSibling                       0x08002065   Thumb Code    54  wm__getprevsibling.o(i.WM__GetPrevSibling)
    WM__InitIVRSearch                        0x0800209d   Thumb Code   248  wm.o(i.WM__InitIVRSearch)
    WM__InsertWindowIntoList                 0x080021a9   Thumb Code   146  wm.o(i.WM__InsertWindowIntoList)
    WM__InvalidateAreaBelow                  0x0800223b   Thumb Code    16  wm.o(i.WM__InvalidateAreaBelow)
    WM__RectIsNZ                             0x0800224b   Thumb Code    38  wm.o(i.WM__RectIsNZ)
    WM__SendMsgNoData                        0x08002271   Thumb Code    22  wm.o(i.WM__SendMsgNoData)
    main                                     0x080036f9   Thumb Code    12  main.o(i.main)
    CustomHID_DeviceDescriptor               0x08003704   Data          18  usb_desc.o(.constdata)
    CustomHID_ConfigDescriptor               0x08003716   Data          41  usb_desc.o(.constdata)
    CustomHID_ReportDescriptor               0x0800373f   Data         163  usb_desc.o(.constdata)
    CustomHID_StringLangID                   0x080037e2   Data           4  usb_desc.o(.constdata)
    CustomHID_StringVendor                   0x080037e6   Data          38  usb_desc.o(.constdata)
    CustomHID_StringProduct                  0x0800380c   Data          32  usb_desc.o(.constdata)
    GUI__API_TableNone                       0x0800382c   Data          16  gui_uc_encodenone.o(.constdata)
    LCD_L0_APIList                           0x08003844   Data          64  lcd_api.o(.constdata)
    LCD_aMirror                              0x08003884   Data         256  lcd_mirror.o(.constdata)
    GUI_acFont6x8                            0x08003984   Data        1304  f6x8.o(.constdata)
    GUI_F6x8_TL8859_1                        0x08003e9c   Data         448  f6x8.o(.constdata)
    GUI_F6x8_TI8859_1                        0x0800405c   Data           8  f6x8.o(.constdata)
    GUI_F6x8_Mono                            0x08004064   Data          20  f6x8.o(.constdata)
    GUI_Font6x8                              0x08004078   Data          32  f6x8.o(.constdata)
    GUI_Font6x9                              0x08004098   Data          32  f6x8.o(.constdata)
    GUI_MEMDEV__APIList8                     0x080040c8   Data          64  guidev_8.o(.constdata)
    Region$$Table$$Base                      0x08004108   Number         0  anon$$obj.o(Region$$Table)
    Region$$Table$$Limit                     0x08004128   Number         0  anon$$obj.o(Region$$Table)
    CustomHID_StringSerial                   0x20000000   Data          26  usb_desc.o(.data)
    ProtocolValue                            0x2000001c   Data           4  usb_prop.o(.data)
    EXTI_Enable                              0x20000020   Data           1  usb_prop.o(.data)
    Request                                  0x20000021   Data           1  usb_prop.o(.data)
    Report_Buf                               0x20000022   Data           2  usb_prop.o(.data)
    Device_Table                             0x20000024   Data           2  usb_prop.o(.data)
    Device_Property                          0x20000028   Data          48  usb_prop.o(.data)
    User_Standard_Requests                   0x20000058   Data          36  usb_prop.o(.data)
    Device_Descriptor                        0x2000007c   Data           8  usb_prop.o(.data)
    Config_Descriptor                        0x20000084   Data           8  usb_prop.o(.data)
    CustomHID_Report_Descriptor              0x2000008c   Data           8  usb_prop.o(.data)
    CustomHID_Hid_Descriptor                 0x20000094   Data           8  usb_prop.o(.data)
    String_Descriptor                        0x2000009c   Data          32  usb_prop.o(.data)
    bDeviceState                             0x200000bc   Data           4  usb_pwr.o(.data)
    fSuspendEnabled                          0x200000c0   Data           1  usb_pwr.o(.data)
    ResumeS                                  0x200000c1   Data           2  usb_pwr.o(.data)
    remotewakeupon                           0x200000c4   Data           4  usb_pwr.o(.data)
    EPindex                                  0x200000c8   Data           1  usb_init.o(.data)
    pInformation                             0x200000cc   Data           4  usb_init.o(.data)
    pProperty                                0x200000d0   Data           4  usb_init.o(.data)
    SaveState                                0x200000d4   Data           2  usb_init.o(.data)
    wInterrupt_Mask                          0x200000d6   Data           2  usb_init.o(.data)
    pUser_Standard_Requests                  0x200000d8   Data           4  usb_init.o(.data)
    GUI_pfKeyMsgHook                         0x200000ec   Data           4  gui_onkey.o(.data)
    GUI_DecChar                              0x200000f4   Data           1  guicore.o(.data)
    GUI_pfTimerExec                          0x200000f8   Data           4  guicore.o(.data)
    WM_pfHandlePID                           0x200000fc   Data           4  guicore.o(.data)
    GUI_pfDispCharStyle                      0x20000100   Data           4  guicore.o(.data)
    GUI_pLCD_APIList                         0x20000104   Data           4  guicore.o(.data)
    LCD_aAPI                                 0x20000108   Data           4  lcd_api.o(.data)
    WM__NumWindows                           0x2000010c   Data           2  wm.o(.data)
    WM__NumInvalidWindows                    0x2000010e   Data           2  wm.o(.data)
    WM__FirstWin                             0x20000110   Data           2  wm.o(.data)
    WM__pFirstCriticalHandle                 0x20000114   Data           4  wm.o(.data)
    WM__ahDesktopWin                         0x20000118   Data           2  wm.o(.data)
    WM__aBkColor                             0x2000011c   Data           4  wm.o(.data)
    WM_IsActive                              0x20000120   Data           1  wm.o(.data)
    WM__CreateFlags                          0x20000122   Data           2  wm.o(.data)
    WM__hCapture                             0x20000124   Data           2  wm.o(.data)
    WM__hWinFocus                            0x20000126   Data           2  wm.o(.data)
    WM__CaptureReleaseAuto                   0x20000128   Data           1  wm.o(.data)
    WM_pfPollPID                             0x2000012c   Data           4  wm.o(.data)
    WM__PaintCallbackCnt                     0x20000130   Data           1  wm.o(.data)
    WM__TransWindowCnt                       0x20000134   Data           4  wm.o(.data)
    WM__hATransWindow                        0x20000138   Data           2  wm.o(.data)
    WM__CHWinModal                           0x20000140   Data           8  wmtouch.o(.data)
    WM__CHWinLast                            0x20000148   Data           8  wmtouch.o(.data)
    Device_Info                              0x20000150   Data          28  usb_init.o(.bss)
    GUI_Heap                                 0x2000016c   Data         240  guialloc.o(.bss)
    GUI_ALLOC                                0x20000294   Data          20  guialloc.o(.bss)
    GUI_Context                              0x200002a8   Data          96  guicore.o(.bss)
    WM_PID__StateLast                        0x20000308   Data          12  wm.o(.bss)
    __libspace_start                         0x2000032c   Data          96  libspace.o(.bss)
    __temporary_stack_top$libspace           0x2000038c   Data           0  libspace.o(.bss)



==============================================================================

Memory Map of the image

  Image Entry point : 0x080001c9

  Load Region LR_1 (Base: 0x08000000, Size: 0x00004278, Max: 0xffffffff, ABSOLUTE, COMPRESSED[0x000041a0])

    Execution Region ER_RO (Base: 0x08000000, Size: 0x00004128, Max: 0xffffffff, ABSOLUTE)

    Base Addr    Size         Type   Attr      Idx    E Section Name        Object

    0x08000000   0x000000ec   Data   RO        20598    RESET               startup_stm32f10x_md.o
    0x080000ec   0x00000008   Code   RO        20768  * !!!main             c_w.l(__main.o)
    0x080000f4   0x00000034   Code   RO        21155    !!!scatter          c_w.l(__scatter.o)
    0x08000128   0x0000005a   Code   RO        21153    !!dczerorl2         c_w.l(__dczerorl2.o)
    0x08000182   0x00000002   PAD
    0x08000184   0x0000001c   Code   RO        21157    !!handler_zi        c_w.l(__scatter_zi.o)
    0x080001a0   0x00000002   Code   RO        21097    .ARM.Collect$$libinit$$00000000  c_w.l(libinit.o)
    0x080001a2   0x00000000   Code   RO        20911    .ARM.Collect$$libinit$$00000002  c_w.l(libinit2.o)
    0x080001a2   0x00000000   Code   RO        20913    .ARM.Collect$$libinit$$00000004  c_w.l(libinit2.o)
    0x080001a2   0x00000000   Code   RO        20916    .ARM.Collect$$libinit$$0000000A  c_w.l(libinit2.o)
    0x080001a2   0x00000000   Code   RO        20918    .ARM.Collect$$libinit$$0000000C  c_w.l(libinit2.o)
    0x080001a2   0x00000000   Code   RO        20920    .ARM.Collect$$libinit$$0000000E  c_w.l(libinit2.o)
    0x080001a2   0x00000000   Code   RO        20923    .ARM.Collect$$libinit$$00000011  c_w.l(libinit2.o)
    0x080001a2   0x00000000   Code   RO        20925    .ARM.Collect$$libinit$$00000013  c_w.l(libinit2.o)
    0x080001a2   0x00000000   Code   RO        20927    .ARM.Collect$$libinit$$00000015  c_w.l(libinit2.o)
    0x080001a2   0x00000000   Code   RO        20929    .ARM.Collect$$libinit$$00000017  c_w.l(libinit2.o)
    0x080001a2   0x00000000   Code   RO        20931    .ARM.Collect$$libinit$$00000019  c_w.l(libinit2.o)
    0x080001a2   0x00000000   Code   RO        20933    .ARM.Collect$$libinit$$0000001B  c_w.l(libinit2.o)
    0x080001a2   0x00000000   Code   RO        20935    .ARM.Collect$$libinit$$0000001D  c_w.l(libinit2.o)
    0x080001a2   0x00000000   Code   RO        20937    .ARM.Collect$$libinit$$0000001F  c_w.l(libinit2.o)
    0x080001a2   0x00000000   Code   RO        20939    .ARM.Collect$$libinit$$00000021  c_w.l(libinit2.o)
    0x080001a2   0x00000000   Code   RO        20941    .ARM.Collect$$libinit$$00000023  c_w.l(libinit2.o)
    0x080001a2   0x00000000   Code   RO        20943    .ARM.Collect$$libinit$$00000025  c_w.l(libinit2.o)
    0x080001a2   0x00000000   Code   RO        20947    .ARM.Collect$$libinit$$0000002C  c_w.l(libinit2.o)
    0x080001a2   0x00000000   Code   RO        20949    .ARM.Collect$$libinit$$0000002E  c_w.l(libinit2.o)
    0x080001a2   0x00000000   Code   RO        20951    .ARM.Collect$$libinit$$00000030  c_w.l(libinit2.o)
    0x080001a2   0x00000000   Code   RO        20953    .ARM.Collect$$libinit$$00000032  c_w.l(libinit2.o)
    0x080001a2   0x00000002   Code   RO        20954    .ARM.Collect$$libinit$$00000033  c_w.l(libinit2.o)
    0x080001a4   0x00000002   Code   RO        21098    .ARM.Collect$$libshutdown$$00000000  c_w.l(libshutdown.o)
    0x080001a6   0x00000000   Code   RO        21112    .ARM.Collect$$libshutdown$$00000002  c_w.l(libshutdown2.o)
    0x080001a6   0x00000000   Code   RO        21114    .ARM.Collect$$libshutdown$$00000004  c_w.l(libshutdown2.o)
    0x080001a6   0x00000000   Code   RO        21117    .ARM.Collect$$libshutdown$$00000007  c_w.l(libshutdown2.o)
    0x080001a6   0x00000000   Code   RO        21120    .ARM.Collect$$libshutdown$$0000000A  c_w.l(libshutdown2.o)
    0x080001a6   0x00000000   Code   RO        21122    .ARM.Collect$$libshutdown$$0000000C  c_w.l(libshutdown2.o)
    0x080001a6   0x00000000   Code   RO        21125    .ARM.Collect$$libshutdown$$0000000F  c_w.l(libshutdown2.o)
    0x080001a6   0x00000002   Code   RO        21126    .ARM.Collect$$libshutdown$$00000010  c_w.l(libshutdown2.o)
    0x080001a8   0x00000000   Code   RO        20862    .ARM.Collect$$rtentry$$00000000  c_w.l(__rtentry.o)
    0x080001a8   0x00000000   Code   RO        21006    .ARM.Collect$$rtentry$$00000002  c_w.l(__rtentry2.o)
    0x080001a8   0x00000006   Code   RO        21018    .ARM.Collect$$rtentry$$00000004  c_w.l(__rtentry4.o)
    0x080001ae   0x00000000   Code   RO        21008    .ARM.Collect$$rtentry$$00000009  c_w.l(__rtentry2.o)
    0x080001ae   0x00000004   Code   RO        21009    .ARM.Collect$$rtentry$$0000000A  c_w.l(__rtentry2.o)
    0x080001b2   0x00000000   Code   RO        21011    .ARM.Collect$$rtentry$$0000000C  c_w.l(__rtentry2.o)
    0x080001b2   0x00000008   Code   RO        21012    .ARM.Collect$$rtentry$$0000000D  c_w.l(__rtentry2.o)
    0x080001ba   0x00000002   Code   RO        20863    .ARM.Collect$$rtexit$$00000000  c_w.l(rtexit.o)
    0x080001bc   0x00000000   Code   RO        21021    .ARM.Collect$$rtexit$$00000002  c_w.l(rtexit2.o)
    0x080001bc   0x00000004   Code   RO        21022    .ARM.Collect$$rtexit$$00000003  c_w.l(rtexit2.o)
    0x080001c0   0x00000006   Code   RO        21023    .ARM.Collect$$rtexit$$00000004  c_w.l(rtexit2.o)
    0x080001c6   0x00000002   PAD
    0x080001c8   0x00000040   Code   RO        20599  * .text               startup_stm32f10x_md.o
    0x08000208   0x00000012   Code   RO        20744    .text               c_w.l(exit.o)
    0x0800021a   0x0000008a   Code   RO        20752    .text               c_w.l(rt_memcpy_v6.o)
    0x080002a4   0x00000084   Code   RO        20754    .text               c_w.l(rt_memmove_v6.o)
    0x08000328   0x00000064   Code   RO        20756    .text               c_w.l(rt_memcpy_w.o)
    0x0800038c   0x00000006   Code   RO        20766    .text               c_w.l(heapauxi.o)
    0x08000392   0x0000007a   Code   RO        20906    .text               c_w.l(rt_memmove_w.o)
    0x0800040c   0x00000008   Code   RO        21002    .text               c_w.l(libspace.o)
    0x08000414   0x0000000c   Code   RO        21063    .text               c_w.l(sys_exit.o)
    0x08000420   0x00000002   Code   RO        21065    .text               c_w.l(use_no_semi.o)
    0x08000422   0x00000000   Code   RO        21067    .text               c_w.l(indicate_semi.o)
    0x08000422   0x0000004a   Code   RO        21068    .text               c_w.l(sys_stackheap_outer.o)
    0x0800046c   0x00000016   Code   RO         1277    i.ADC_SoftwareStartConvCmd  stm32f10x_adc.o
    0x08000482   0x00000004   Code   RO          125    i.BusFault_Handler  stm32f10x_it.o
    0x08000486   0x00000002   PAD
    0x08000488   0x00000028   Code   RO          833    i.Clear_Status_Out  usb_regs.o
    0x080004b0   0x000000a0   Code   RO          411    i.CustomHID_Data_Setup  usb_prop.o
    0x08000550   0x00000014   Code   RO          412    i.CustomHID_GetConfigDescriptor  usb_prop.o
    0x08000564   0x00000014   Code   RO          413    i.CustomHID_GetDeviceDescriptor  usb_prop.o
    0x08000578   0x00000014   Code   RO          414    i.CustomHID_GetHIDDescriptor  usb_prop.o
    0x0800058c   0x0000001c   Code   RO          415    i.CustomHID_GetProtocolValue  usb_prop.o
    0x080005a8   0x00000014   Code   RO          416    i.CustomHID_GetReportDescriptor  usb_prop.o
    0x080005bc   0x00000028   Code   RO          417    i.CustomHID_GetStringDescriptor  usb_prop.o
    0x080005e4   0x00000016   Code   RO          418    i.CustomHID_Get_Interface_Setting  usb_prop.o
    0x080005fa   0x00000002   PAD
    0x080005fc   0x00000024   Code   RO          419    i.CustomHID_NoData_Setup  usb_prop.o
    0x08000620   0x000000b8   Code   RO          420    i.CustomHID_Reset   usb_prop.o
    0x080006d8   0x00000028   Code   RO          421    i.CustomHID_SetConfiguration  usb_prop.o
    0x08000700   0x0000000c   Code   RO          422    i.CustomHID_SetDeviceAddress  usb_prop.o
    0x0800070c   0x00000018   Code   RO          423    i.CustomHID_SetProtocol  usb_prop.o
    0x08000724   0x0000001c   Code   RO          424    i.CustomHID_SetReport_Feature  usb_prop.o
    0x08000740   0x00000002   Code   RO          425    i.CustomHID_Status_In  usb_prop.o
    0x08000742   0x00000002   Code   RO          426    i.CustomHID_Status_Out  usb_prop.o
    0x08000744   0x00000028   Code   RO          427    i.CustomHID_init    usb_prop.o
    0x0800076c   0x00000002   Code   RO          126    i.DebugMon_Handler  stm32f10x_it.o
    0x0800076e   0x00000002   PAD
    0x08000770   0x0000000c   Code   RO         2008    i.EXTI_ClearITPendingBit  stm32f10x_exti.o
    0x0800077c   0x00000024   Code   RO          577    i.EXTI_Configuration  hw_config.o
    0x080007a0   0x00000094   Code   RO         2013    i.EXTI_Init         stm32f10x_exti.o
    0x08000834   0x00000014   Code   RO          297    i.FW_USB_Init       stm3210b_eval.o
    0x08000848   0x0000018c   Code   RO         8088    i.GUIMONO_DispChar  guicharm.o
    0x080009d4   0x0000001c   Code   RO         8089    i.GUIMONO_GetCharDistX  guicharm.o
    0x080009f0   0x00000008   Code   RO         8090    i.GUIMONO_GetFontInfo  guicharm.o
    0x080009f8   0x00000030   Code   RO         8091    i.GUIMONO_IsInFont  guicharm.o
    0x08000a28   0x00000016   Code   RO         7892    i.GUI_ALLOC_AllocNoInit  guialloc.o
    0x08000a3e   0x00000022   Code   RO         5602    i.GUI_ALLOC_AllocZero  gui_alloc_alloczero.o
    0x08000a60   0x00000034   Code   RO         7898    i.GUI_ALLOC_Init    guialloc.o
    0x08000a94   0x00000020   Code   RO         7899    i.GUI_ALLOC_h2p     guialloc.o
    0x08000ab4   0x0000001a   Code   RO         8224    i.GUI_Clear         guicore.o
    0x08000ace   0x00000002   PAD
    0x08000ad0   0x00000070   Code   RO         8225    i.GUI_ClearRect     guicore.o
    0x08000b40   0x0000001a   Code   RO         6821    i.GUI_GotoXY        gui_goto.o
    0x08000b5a   0x00000002   PAD
    0x08000b5c   0x00000028   Code   RO         8226    i.GUI_Init          guicore.o
    0x08000b84   0x0000001c   Code   RO        11707    i.GUI_MEMDEV__Color2Index  guidev.o
    0x08000ba0   0x00000018   Code   RO        11709    i.GUI_MEMDEV__GetIndexMask  guidev.o
    0x08000bb8   0x00000038   Code   RO        11710    i.GUI_MEMDEV__GetRect  guidev.o
    0x08000bf0   0x0000001c   Code   RO        11711    i.GUI_MEMDEV__Index2Color  guidev.o
    0x08000c0c   0x00000082   Code   RO         6931    i.GUI_MergeRect     gui_mergerect.o
    0x08000c8e   0x00000024   Code   RO         6988    i.GUI_MoveRect      gui_moverect.o
    0x08000cb2   0x0000003a   Code   RO         7108    i.GUI_RectsIntersect  gui_rectsintersect.o
    0x08000cec   0x0000000c   Code   RO         7162    i.GUI_SetBkColor    gui_setcolor.o
    0x08000cf8   0x00000010   Code   RO         7004    i.GUI_StoreKey      gui_onkey.o
    0x08000d08   0x00000032   Code   RO        12378    i.GUI_USAGE_AddRect  guidev_usage.o
    0x08000d3a   0x00000002   Code   RO          227    i.GUI_X_Init        ucgui_hook.o
    0x08000d3c   0x00000042   Code   RO         5319    i.GUI__IntersectRect  gui__intersectrect.o
    0x08000d7e   0x00000088   Code   RO         5331    i.GUI__IntersectRects  gui__intersectrects.o
    0x08000e06   0x00000056   Code   RO         5343    i.GUI__memset       gui__memset.o
    0x08000e5c   0x00000030   Code   RO          579    i.Get_SerialNum     hw_config.o
    0x08000e8c   0x00000004   Code   RO          127    i.HardFault_Handler  stm32f10x_it.o
    0x08000e90   0x0000003e   Code   RO          580    i.IntToUnicode      hw_config.o
    0x08000ece   0x00000002   PAD
    0x08000ed0   0x00000014   Code   RO         8629    i.LCD_Color2Index   lcd.o
    0x08000ee4   0x00000036   Code   RO         4599    i.LCD_Color2Index_233  lcdp233.o
    0x08000f1a   0x00000002   PAD
    0x08000f1c   0x0000023c   Code   RO         8630    i.LCD_DrawBitmap    lcd.o
    0x08001158   0x0000005c   Code   RO         8631    i.LCD_DrawHLine     lcd.o
    0x080011b4   0x00000064   Code   RO         8632    i.LCD_DrawPixel     lcd.o
    0x08001218   0x00000074   Code   RO         8633    i.LCD_FillRect      lcd.o
    0x0800128c   0x00000004   Code   RO         4600    i.LCD_GetIndexMask_233  lcdp233.o
    0x08001290   0x00000014   Code   RO         8634    i.LCD_Index2Color   lcd.o
    0x080012a4   0x00000034   Code   RO         4601    i.LCD_Index2Color_233  lcdp233.o
    0x080012d8   0x00000034   Code   RO         8635    i.LCD_Init          lcd.o
    0x0800130c   0x0000001e   Code   RO         9249    i.LCD_InitLUT       lcdcolor.o
    0x0800132a   0x00000010   Code   RO         8938    i.LCD_L0_Color2Index  lcd_l0_generic.o
    0x0800133a   0x0000008a   Code   RO        11603    i.LCD_L0_DrawBitmap  lcddummy.o
    0x080013c4   0x00000040   Code   RO        11604    i.LCD_L0_DrawHLine  lcddummy.o
    0x08001404   0x00000040   Code   RO        11605    i.LCD_L0_DrawVLine  lcddummy.o
    0x08001444   0x0000001e   Code   RO        11606    i.LCD_L0_FillRect   lcddummy.o
    0x08001462   0x00000008   Code   RO         8939    i.LCD_L0_GetIndexMask  lcd_l0_generic.o
    0x0800146a   0x00000006   Code   RO        11607    i.LCD_L0_GetPixelIndex  lcddummy.o
    0x08001470   0x00000014   Code   RO         8940    i.LCD_L0_GetRect    lcd_l0_generic.o
    0x08001484   0x0000000c   Code   RO         8941    i.LCD_L0_Index2Color  lcd_l0_generic.o
    0x08001490   0x0000005c   Code   RO        11608    i.LCD_L0_Init       lcddummy.o
    0x080014ec   0x00000002   Code   RO        11610    i.LCD_L0_On         lcddummy.o
    0x080014ee   0x00000006   Code   RO        11611    i.LCD_L0_SetLUTEntry  lcddummy.o
    0x080014f4   0x00000002   Code   RO        11613    i.LCD_L0_SetPixelIndex  lcddummy.o
    0x080014f6   0x0000001e   Code   RO        11614    i.LCD_L0_XorPixel   lcddummy.o
    0x08001514   0x00000024   Code   RO         8636    i.LCD_SetBkColor    lcd.o
    0x08001538   0x00000014   Code   RO         8637    i.LCD_SetBkColorIndex  lcd.o
    0x0800154c   0x00000020   Code   RO         9199    i.LCD_SetClipRectEx  lcd_setcliprectex.o
    0x0800156c   0x00000014   Code   RO         8638    i.LCD_SetClipRectMax  lcd.o
    0x08001580   0x00000024   Code   RO         8639    i.LCD_SetColor      lcd.o
    0x080015a4   0x00000014   Code   RO         8640    i.LCD_SetColorIndex  lcd.o
    0x080015b8   0x0000002c   Code   RO         8641    i.LCD_SetDrawMode   lcd.o
    0x080015e4   0x00000004   Code   RO          128    i.MemManage_Handler  stm32f10x_it.o
    0x080015e8   0x00000002   Code   RO          129    i.NMI_Handler       stm32f10x_it.o
    0x080015ea   0x00000002   Code   RO          640    i.NOP_Process       usb_core.o
    0x080015ec   0x00000070   Code   RO         1210    i.NVIC_Init         misc.o
    0x0800165c   0x00000014   Code   RO         1211    i.NVIC_PriorityGroupConfig  misc.o
    0x08001670   0x00000002   Code   RO          130    i.PendSV_Handler    stm32f10x_it.o
    0x08001672   0x00000002   PAD
    0x08001674   0x00000040   Code   RO          535    i.PowerOn           usb_pwr.o
    0x080016b4   0x00000020   Code   RO         2777    i.RCC_APB1PeriphClockCmd  stm32f10x_rcc.o
    0x080016d4   0x0000000c   Code   RO         2805    i.RCC_USBCLKConfig  stm32f10x_rcc.o
    0x080016e0   0x00000002   Code   RO          131    i.SVC_Handler       stm32f10x_it.o
    0x080016e2   0x00000002   PAD
    0x080016e4   0x00000010   Code   RO          856    i.SetBTABLE         usb_regs.o
    0x080016f4   0x00000050   Code   RO          644    i.SetDeviceAddress  usb_core.o
    0x08001744   0x00000024   Code   RO          870    i.SetEPRxAddr       usb_regs.o
    0x08001768   0x0000004c   Code   RO          871    i.SetEPRxCount      usb_regs.o
    0x080017b4   0x00000040   Code   RO          872    i.SetEPRxStatus     usb_regs.o
    0x080017f4   0x00000034   Code   RO          873    i.SetEPRxValid      usb_regs.o
    0x08001828   0x00000020   Code   RO          874    i.SetEPTxAddr       usb_regs.o
    0x08001848   0x0000001c   Code   RO          875    i.SetEPTxCount      usb_regs.o
    0x08001864   0x00000040   Code   RO          876    i.SetEPTxStatus     usb_regs.o
    0x080018a4   0x00000024   Code   RO          878    i.SetEPType         usb_regs.o
    0x080018c8   0x00000008   Code   RO          188    i.SetSysClock       system_stm32f10x.o
    0x080018d0   0x000000e0   Code   RO          189    i.SetSysClockTo72   system_stm32f10x.o
    0x080019b0   0x00000008   Code   RO          582    i.Set_System        hw_config.o
    0x080019b8   0x00000012   Code   RO          583    i.Set_USBClock      hw_config.o
    0x080019ca   0x00000002   PAD
    0x080019cc   0x00000024   Code   RO          648    i.Standard_GetDescriptorData  usb_core.o
    0x080019f0   0x00000002   Code   RO          132    i.SysTick_Handler   stm32f10x_it.o
    0x080019f2   0x00000002   PAD
    0x080019f4   0x00000060   Code   RO          191    i.SystemInit        system_stm32f10x.o
    0x08001a54   0x00000002   Code   RO          584    i.USB_Cable_Config  hw_config.o
    0x08001a56   0x00000002   PAD
    0x08001a58   0x0000003c   Code   RO          755    i.USB_Init          usb_init.o
    0x08001a94   0x00000078   Code   RO          585    i.USB_Interrupts_Config  hw_config.o
    0x08001b0c   0x00000024   Code   RO         1186    i.USB_SIL_Init      usb_sil.o
    0x08001b30   0x00000004   Code   RO          133    i.UsageFault_Handler  stm32f10x_it.o
    0x08001b34   0x0000000c   Code   RO        18761    i.WM_Activate       wm.o
    0x08001b40   0x00000048   Code   RO        19299    i.WM_BringToBottom  wm_bringtobottom.o
    0x08001b88   0x0000002c   Code   RO        18762    i.WM_CreateWindow   wm.o
    0x08001bb4   0x00000124   Code   RO        18763    i.WM_CreateWindowAsChild  wm.o
    0x08001cd8   0x00000066   Code   RO        18765    i.WM_DefaultProc    wm.o
    0x08001d3e   0x00000002   PAD
    0x08001d40   0x0000000c   Code   RO        19482    i.WM_GetDesktopWindow  wm_getdesktopwindow.o
    0x08001d4c   0x00000014   Code   RO        19677    i.WM_GetParent      wm_getparent.o
    0x08001d60   0x00000098   Code   RO        18770    i.WM_Init           wm.o
    0x08001df8   0x00000028   Code   RO        18771    i.WM_InvalidateArea  wm.o
    0x08001e20   0x00000068   Code   RO        18772    i.WM_InvalidateRect  wm.o
    0x08001e88   0x0000000e   Code   RO        18773    i.WM_InvalidateWindow  wm.o
    0x08001e96   0x00000002   PAD
    0x08001e98   0x0000003c   Code   RO        18774    i.WM_SelectWindow   wm.o
    0x08001ed4   0x00000020   Code   RO        18775    i.WM_SendMessage    wm.o
    0x08001ef4   0x00000020   Code   RO        20072    i.WM_SendToParent   wm_sendtoparent.o
    0x08001f14   0x00000050   Code   RO        18777    i.WM__ActivateClipRect  wm.o
    0x08001f64   0x00000010   Code   RO        19374    i.WM__AddCriticalHandle  wm_criticalhandle.o
    0x08001f74   0x00000016   Code   RO        18778    i.WM__Client2Screen  wm.o
    0x08001f8a   0x00000044   Code   RO        18779    i.WM__ClipAtParentBorders  wm.o
    0x08001fce   0x0000001c   Code   RO        18781    i.WM__GetClientRectWin  wm.o
    0x08001fea   0x0000001e   Code   RO        19090    i.WM__GetFirstSibling  wm__getfirstsibling.o
    0x08002008   0x0000000a   Code   RO        18782    i.WM__GetInvalidRectAbs  wm.o
    0x08002012   0x00000002   PAD
    0x08002014   0x00000050   Code   RO        18783    i.WM__GetNextIVR    wm.o
    0x08002064   0x00000036   Code   RO        19144    i.WM__GetPrevSibling  wm__getprevsibling.o
    0x0800209a   0x00000002   PAD
    0x0800209c   0x0000010c   Code   RO        18784    i.WM__InitIVRSearch  wm.o
    0x080021a8   0x00000092   Code   RO        18785    i.WM__InsertWindowIntoList  wm.o
    0x0800223a   0x00000010   Code   RO        18786    i.WM__InvalidateAreaBelow  wm.o
    0x0800224a   0x00000026   Code   RO        18789    i.WM__RectIsNZ      wm.o
    0x08002270   0x00000016   Code   RO        18792    i.WM__SendMsgNoData  wm.o
    0x08002286   0x00000002   PAD
    0x08002288   0x00000030   Code   RO        18793    i._AddToLinList     wm.o
    0x080022b8   0x0000010c   Code   RO         7900    i._Alloc            guialloc.o
    0x080023c4   0x00000008   Code   RO         7600    i._CalcSizeOfChar   gui_uc_encodenone.o
    0x080023cc   0x00000014   Code   RO         7901    i._CheckInit        guialloc.o
    0x080023e0   0x000000e4   Code   RO         7902    i._CreateHole       guialloc.o
    0x080024c4   0x0000001c   Code   RO        18796    i._DesktopHandle2Index  wm.o
    0x080024e0   0x000000d4   Code   RO        11615    i._DrawBitLine1BPP  lcddummy.o
    0x080025b4   0x00000144   Code   RO        11883    i._DrawBitLine1BPP  guidev_8.o
    0x080026f8   0x00000154   Code   RO        11616    i._DrawBitLine2BPP  lcddummy.o
    0x0800284c   0x000000fc   Code   RO        11884    i._DrawBitLine2BPP  guidev_8.o
    0x08002948   0x00000154   Code   RO        11617    i._DrawBitLine4BPP  lcddummy.o
    0x08002a9c   0x00000184   Code   RO        11885    i._DrawBitLine4BPP  guidev_8.o
    0x08002c20   0x00000094   Code   RO        11618    i._DrawBitLine8BPP  lcddummy.o
    0x08002cb4   0x00000074   Code   RO        11886    i._DrawBitLine8BPP  guidev_8.o
    0x08002d28   0x00000060   Code   RO        11887    i._DrawBitLine8BPP_DDB  guidev_8.o
    0x08002d88   0x00000134   Code   RO        11888    i._DrawBitmap       guidev_8.o
    0x08002ebc   0x00000016   Code   RO        11889    i._DrawHLine        guidev_8.o
    0x08002ed2   0x00000002   PAD
    0x08002ed4   0x000000c0   Code   RO        11890    i._DrawVLine        guidev_8.o
    0x08002f94   0x00000008   Code   RO         7601    i._Encode           gui_uc_encodenone.o
    0x08002f9c   0x000000a4   Code   RO        11891    i._FillRect         guidev_8.o
    0x08003040   0x00000024   Code   RO         7903    i._FindFreeHandle   guialloc.o
    0x08003064   0x00000074   Code   RO         7904    i._FindHole         guialloc.o
    0x080030d8   0x0000017c   Code   RO        18798    i._FindNext_IVR     wm.o
    0x08003254   0x00000092   Code   RO        18799    i._Findx0           wm.o
    0x080032e6   0x00000082   Code   RO        18800    i._Findx1           wm.o
    0x08003368   0x000000b2   Code   RO        18801    i._Findy1           wm.o
    0x0800341a   0x00000006   Code   RO         7602    i._GetCharCode      gui_uc_encodenone.o
    0x08003420   0x00000008   Code   RO         7603    i._GetCharSize      gui_uc_encodenone.o
    0x08003428   0x00000018   Code   RO         8642    i._GetColorIndex    lcd.o
    0x08003440   0x00000014   Code   RO        11892    i._GetPixelIndex    guidev_8.o
    0x08003454   0x00000020   Code   RO        18802    i._GethDrawWin      wm.o
    0x08003474   0x00000010   Code   RO         6823    i._GotoX            gui_goto.o
    0x08003484   0x00000010   Code   RO         6824    i._GotoY            gui_goto.o
    0x08003494   0x00000060   Code   RO         8227    i._InitContext      guicore.o
    0x080034f4   0x0000007c   Code   RO        18803    i._Invalidate1Abs   wm.o
    0x08003570   0x00000048   Code   RO        18809    i._SetClipRectUserIntersect  wm.o
    0x080035b8   0x00000050   Code   RO        11893    i._SetPixelIndex    guidev_8.o
    0x08003608   0x0000000c   Code   RO         7907    i._Size2LegalSize   guialloc.o
    0x08003614   0x00000038   Code   RO        11894    i._XY2PTR           guidev_8.o
    0x0800364c   0x0000005c   Code   RO        11895    i._XorPixel         guidev_8.o
    0x080036a8   0x00000050   Code   RO        18811    i.cbBackWin         wm.o
    0x080036f8   0x0000000c   Code   RO            1    i.main              main.o
    0x08003704   0x00000128   Data   RO          321    .constdata          usb_desc.o
    0x0800382c   0x00000010   Data   RO         7604    .constdata          gui_uc_encodenone.o
    0x0800383c   0x00000008   Data   RO         8229    .constdata          guicore.o
    0x08003844   0x00000040   Data   RO         8718    .constdata          lcd_api.o
    0x08003884   0x00000100   Data   RO         8968    .constdata          lcd_mirror.o
    0x08003984   0x00000734   Data   RO         9568    .constdata          f6x8.o
    0x080040b8   0x00000050   Data   RO        11896    .constdata          guidev_8.o
    0x08004108   0x00000020   Data   RO        21151    Region$$Table       anon$$obj.o


    Execution Region ER_RW (Base: 0x20000000, Size: 0x00000150, Max: 0xffffffff, ABSOLUTE, COMPRESSED[0x00000078])

    Base Addr    Size         Type   Attr      Idx    E Section Name        Object

    0x20000000   0x0000001a   Data   RW          322    .data               usb_desc.o
    0x2000001a   0x00000002   PAD
    0x2000001c   0x000000a0   Data   RW          428    .data               usb_prop.o
    0x200000bc   0x0000000c   Data   RW          540    .data               usb_pwr.o
    0x200000c8   0x00000014   Data   RW          757    .data               usb_init.o
    0x200000dc   0x00000014   Data   RW         7006    .data               gui_onkey.o
    0x200000f0   0x00000001   Data   RW         7909    .data               guialloc.o
    0x200000f1   0x00000003   PAD
    0x200000f4   0x00000014   Data   RW         8230    .data               guicore.o
    0x20000108   0x00000004   Data   RW         8719    .data               lcd_api.o
    0x2000010c   0x00000031   Data   RW        18813    .data               wm.o
    0x2000013d   0x00000003   PAD
    0x20000140   0x00000010   Data   RW        20548    .data               wmtouch.o


    Execution Region ER_ZI (Base: 0x20000150, Size: 0x00000840, Max: 0xffffffff, ABSOLUTE)

    Base Addr    Size         Type   Attr      Idx    E Section Name        Object

    0x20000150   0x0000001c   Zero   RW          756    .bss                usb_init.o
    0x2000016c   0x0000013c   Zero   RW         7908    .bss                guialloc.o
    0x200002a8   0x00000060   Zero   RW         8228    .bss                guicore.o
    0x20000308   0x00000024   Zero   RW        18812    .bss                wm.o
    0x2000032c   0x00000060   Zero   RW        21003    .bss                c_w.l(libspace.o)
    0x2000038c   0x00000004   PAD
    0x20000390   0x00000200   Zero   RW        20597    HEAP                startup_stm32f10x_md.o
    0x20000590   0x00000400   Zero   RW        20596    STACK               startup_stm32f10x_md.o


==============================================================================

Image component sizes


      Code (inc. data)   RO Data    RW Data    ZI Data      Debug   Object Name

         0          0          0          0          0         32   core_cm3.o
         0          0       1844          0          0       2058   f6x8.o
         0          0          0          0          0      24151   gui__addspacehex.o
        66          0          0          0          0        801   gui__intersectrect.o
       136          0          0          0          0       1038   gui__intersectrects.o
        86          0          0          0          0        754   gui__memset.o
        34          0          0          0          0        542   gui_alloc_alloczero.o
        58          8          0          0          0       1377   gui_goto.o
       130          0          0          0          0        948   gui_mergerect.o
        36          0          0          0          0        767   gui_moverect.o
        16          4          0         20          0      16031   gui_onkey.o
        58          0          0          0          0        901   gui_rectsintersect.o
        12          0          0          0          0        469   gui_setcolor.o
        30          0         16          0          0       2385   gui_uc_encodenone.o
         0          0          0          0          0       3437   guiaaarc.o
       786         52          0          1        316       6190   guialloc.o
       480         12          0          0          0       2955   guicharm.o
       274         32          8         20         96       6030   guicore.o
       136         18          0          0          0       2449   guidev.o
      2110         60         80          0          0      38994   guidev_8.o
        50          0          0          0          0        656   guidev_usage.o
       294         10          0          0          0       3788   hw_config.o
      1172         62          0          0          0       8252   lcd.o
         0          0         64          4          0        574   lcd_api.o
        56          0          0          0          0       1957   lcd_l0_generic.o
         0          0        256          0          0        482   lcd_mirror.o
        32          4          0          0          0        784   lcd_setcliprectex.o
        30          0          0          0          0        530   lcdcolor.o
      1474         38          0          0          0       9959   lcddummy.o
       110          0          0          0          0       1571   lcdp233.o
        12          0          0          0          0     243442   main.o
       132         22          0          0          0       1311   misc.o
        64         26        236          0       1536        752   startup_stm32f10x_md.o
        20          0          0          0          0        730   stm3210b_eval.o
        22          0          0          0          0       2463   stm32f10x_adc.o
       160         12          0          0          0       1277   stm32f10x_exti.o
        26          0          0          0          0       3398   stm32f10x_it.o
        44         12          0          0          0        944   stm32f10x_rcc.o
       328         28          0          0          0       1665   system_stm32f10x.o
         2          0          0          0          0        361   ucgui_hook.o
       118         16          0          0          0       2210   usb_core.o
         0          0        296         26          0       3696   usb_desc.o
        60         24          0         20         28       3798   usb_init.o
       698        132          0        160          0      12414   usb_prop.o
        64         10          0         12          0       1723   usb_pwr.o
       444         60          0          0          0       5192   usb_regs.o
        36          8          0          0          0        411   usb_sil.o
      2848        162          0         49         36      25211   wm.o
         0          0          0          0          0       1861   wm__foreachdesc.o
        30          0          0          0          0        542   wm__getfirstsibling.o
        54          0          0          0          0        837   wm__getprevsibling.o
        72          0          0          0          0        983   wm_bringtobottom.o
        16          4          0          0          0        464   wm_criticalhandle.o
        12          4          0          0          0        434   wm_getdesktopwindow.o
        20          0          0          0          0        487   wm_getparent.o
        32          0          0          0          0        582   wm_sendtoparent.o
         0          0          0         16          0       2019   wmtouch.o

    ----------------------------------------------------------------------
     13016        820       2832        336       2012     460069   Object Totals
         0          0         32          0          0          0   (incl. Generated)
        36          0          0          8          0          0   (incl. Padding)

    ----------------------------------------------------------------------

      Code (inc. data)   RO Data    RW Data    ZI Data      Debug   Library Member Name

        90          0          0          0          0          0   __dczerorl2.o
         8          0          0          0          0         68   __main.o
         0          0          0          0          0          0   __rtentry.o
        12          0          0          0          0          0   __rtentry2.o
         6          0          0          0          0          0   __rtentry4.o
        52          8          0          0          0          0   __scatter.o
        28          0          0          0          0          0   __scatter_zi.o
        18          0          0          0          0         80   exit.o
         6          0          0          0          0        152   heapauxi.o
         0          0          0          0          0          0   indicate_semi.o
         2          0          0          0          0          0   libinit.o
         2          0          0          0          0          0   libinit2.o
         2          0          0          0          0          0   libshutdown.o
         2          0          0          0          0          0   libshutdown2.o
         8          4          0          0         96         68   libspace.o
       138          0          0          0          0         68   rt_memcpy_v6.o
       100          0          0          0          0         80   rt_memcpy_w.o
       132          0          0          0          0         68   rt_memmove_v6.o
       122          0          0          0          0         80   rt_memmove_w.o
         2          0          0          0          0          0   rtexit.o
        10          0          0          0          0          0   rtexit2.o
        12          4          0          0          0         68   sys_exit.o
        74          0          0          0          0         80   sys_stackheap_outer.o
         2          0          0          0          0         68   use_no_semi.o

    ----------------------------------------------------------------------
       832         16          0          0        100        880   Library Totals
         4          0          0          0          4          0   (incl. Padding)

    ----------------------------------------------------------------------

      Code (inc. data)   RO Data    RW Data    ZI Data      Debug   Library Name

       828         16          0          0         96        880   c_w.l

    ----------------------------------------------------------------------
       832         16          0          0        100        880   Library Totals

    ----------------------------------------------------------------------

==============================================================================


      Code (inc. data)   RO Data    RW Data    ZI Data      Debug   

     13848        836       2832        336       2112     451065   Grand Totals
     13848        836       2832        120       2112     451065   ELF Image Totals (compressed)
     13848        836       2832        120          0          0   ROM Totals

==============================================================================

    Total RO  Size (Code + RO Data)                16680 (  16.29kB)
    Total RW  Size (RW Data + ZI Data)              2448 (   2.39kB)
    Total ROM Size (Code + RO Data + RW Data)      16800 (  16.41kB)

==============================================================================

